Component: Arm Compiler for Embedded 6.18 Tool: armlink [5e4cc100]

==============================================================================

Section Cross References

    main.o(.ARM.exidx.text.config_TIM3_CH3) refers to main.o(.text.config_TIM3_CH3) for [Anonymous Symbol]
    main.o(.text.config_TIM2_CH2) refers to main.o(.text.__NVIC_SetPriority) for __NVIC_SetPriority
    main.o(.text.config_TIM2_CH2) refers to main.o(.text.__NVIC_EnableIRQ) for __NVIC_EnableIRQ
    main.o(.ARM.exidx.text.config_TIM2_CH2) refers to main.o(.text.config_TIM2_CH2) for [Anonymous Symbol]
    main.o(.ARM.exidx.text.__NVIC_SetPriority) refers to main.o(.text.__NVIC_SetPriority) for [Anonymous Symbol]
    main.o(.ARM.exidx.text.__NVIC_EnableIRQ) refers to main.o(.text.__NVIC_EnableIRQ) for [Anonymous Symbol]
    main.o(.text.TIM2_IRQHandler) refers to main.o(.bss.overflow) for overflow
    main.o(.text.TIM2_IRQHandler) refers to main.o(.bss.current) for current
    main.o(.text.TIM2_IRQHandler) refers to main.o(.bss.signal_edge) for signal_edge
    main.o(.text.TIM2_IRQHandler) refers to main.o(.bss.last) for last
    main.o(.text.TIM2_IRQHandler) refers to main.o(.bss.time) for time
    main.o(.ARM.exidx.text.TIM2_IRQHandler) refers to main.o(.text.TIM2_IRQHandler) for [Anonymous Symbol]
    main.o(.text.main) refers to main.o(.text.sys_clk_config) for sys_clk_config
    main.o(.text.main) refers to main.o(.text.configure_LED_pin) for configure_LED_pin
    main.o(.text.main) refers to main.o(.text.config_TIM3_CH3) for config_TIM3_CH3
    main.o(.text.main) refers to main.o(.text.config_TIM2_CH2) for config_TIM2_CH2
    main.o(.text.main) refers to main.o(.text.toggle_LED) for toggle_LED
    main.o(.text.main) refers to main.o(.bss.time) for time
    main.o(.text.main) refers to main.o(.rodata.str1.1) for .L.str
    main.o(.text.main) refers to printf.o(.text) for printf
    main.o(.text.main) refers to f2d.o(x$fpl$f2d) for __aeabi_f2d
    main.o(.ARM.exidx.text.main) refers to main.o(.text.main) for [Anonymous Symbol]
    main.o(.ARM.exidx.text.sys_clk_config) refers to main.o(.text.sys_clk_config) for [Anonymous Symbol]
    main.o(.ARM.exidx.text.configure_LED_pin) refers to main.o(.text.configure_LED_pin) for [Anonymous Symbol]
    main.o(.ARM.exidx.text.toggle_LED) refers to main.o(.text.toggle_LED) for [Anonymous Symbol]
    retarget_io.o(.ARM.exidx.text.ITM_SendChar) refers to retarget_io.o(.text.ITM_SendChar) for [Anonymous Symbol]
    retarget_io.o(.text.ITM_ReceiveChar) refers to retarget_io.o(.data.ITM_RxBuffer) for ITM_RxBuffer
    retarget_io.o(.ARM.exidx.text.ITM_ReceiveChar) refers to retarget_io.o(.text.ITM_ReceiveChar) for [Anonymous Symbol]
    retarget_io.o(.text._sys_open) refers to retarget_io.o(.rodata.str1.1) for .L.str
    retarget_io.o(.text._sys_open) refers to strcmpv7em.o(.text) for strcmp
    retarget_io.o(.ARM.exidx.text._sys_open) refers to retarget_io.o(.text._sys_open) for [Anonymous Symbol]
    retarget_io.o(.ARM.exidx.text._sys_close) refers to retarget_io.o(.text._sys_close) for [Anonymous Symbol]
    retarget_io.o(.text._sys_write) refers to retarget_io.o(.text.stdout_putchar) for stdout_putchar
    retarget_io.o(.text._sys_write) refers to retarget_io.o(.text.stderr_putchar) for stderr_putchar
    retarget_io.o(.ARM.exidx.text._sys_write) refers to retarget_io.o(.text._sys_write) for [Anonymous Symbol]
    retarget_io.o(.text.stdout_putchar) refers to retarget_io.o(.text.ITM_SendChar) for ITM_SendChar
    retarget_io.o(.ARM.exidx.text.stdout_putchar) refers to retarget_io.o(.text.stdout_putchar) for [Anonymous Symbol]
    retarget_io.o(.text.stderr_putchar) refers to retarget_io.o(.text.ITM_SendChar) for ITM_SendChar
    retarget_io.o(.ARM.exidx.text.stderr_putchar) refers to retarget_io.o(.text.stderr_putchar) for [Anonymous Symbol]
    retarget_io.o(.text._sys_read) refers to retarget_io.o(.text.stdin_getchar) for stdin_getchar
    retarget_io.o(.ARM.exidx.text._sys_read) refers to retarget_io.o(.text._sys_read) for [Anonymous Symbol]
    retarget_io.o(.text.stdin_getchar) refers to retarget_io.o(.text.ITM_ReceiveChar) for ITM_ReceiveChar
    retarget_io.o(.ARM.exidx.text.stdin_getchar) refers to retarget_io.o(.text.stdin_getchar) for [Anonymous Symbol]
    retarget_io.o(.ARM.exidx.text._sys_istty) refers to retarget_io.o(.text._sys_istty) for [Anonymous Symbol]
    retarget_io.o(.ARM.exidx.text._sys_seek) refers to retarget_io.o(.text._sys_seek) for [Anonymous Symbol]
    retarget_io.o(.ARM.exidx.text._sys_flen) refers to retarget_io.o(.text._sys_flen) for [Anonymous Symbol]
    startup_stm32f446xx.o(STACK) refers (Special) to heapauxi.o(.text) for __use_two_region_memory
    startup_stm32f446xx.o(HEAP) refers (Special) to heapauxi.o(.text) for __use_two_region_memory
    startup_stm32f446xx.o(RESET) refers (Special) to heapauxi.o(.text) for __use_two_region_memory
    startup_stm32f446xx.o(RESET) refers to startup_stm32f446xx.o(STACK) for __initial_sp
[...]
    .ARM.Collect$$libinit$$00000013          0x080002dc   Section        0  libinit2.o(.ARM.Collect$$libinit$$00000013)
    .ARM.Collect$$libinit$$00000014          0x080002dc   Section       12  libinit2.o(.ARM.Collect$$libinit$$00000014)
    .ARM.Collect$$libinit$$00000015          0x080002e8   Section        0  libinit2.o(.ARM.Collect$$libinit$$00000015)
    .ARM.Collect$$libinit$$00000017          0x080002e8   Section        0  libinit2.o(.ARM.Collect$$libinit$$00000017)
    .ARM.Collect$$libinit$$00000018          0x080002e8   Section       10  libinit2.o(.ARM.Collect$$libinit$$00000018)
    .ARM.Collect$$libinit$$00000019          0x080002f2   Section        0  libinit2.o(.ARM.Collect$$libinit$$00000019)
    .ARM.Collect$$libinit$$0000001B          0x080002f2   Section        0  libinit2.o(.ARM.Collect$$libinit$$0000001B)
    .ARM.Collect$$libinit$$0000001D          0x080002f2   Section        0  libinit2.o(.ARM.Collect$$libinit$$0000001D)
    .ARM.Collect$$libinit$$0000001F          0x080002f2   Section        0  libinit2.o(.ARM.Collect$$libinit$$0000001F)
    .ARM.Collect$$libinit$$00000021          0x080002f2   Section        0  libinit2.o(.ARM.Collect$$libinit$$00000021)
    .ARM.Collect$$libinit$$00000023          0x080002f2   Section        0  libinit2.o(.ARM.Collect$$libinit$$00000023)
    .ARM.Collect$$libinit$$00000025          0x080002f2   Section        0  libinit2.o(.ARM.Collect$$libinit$$00000025)
    .ARM.Collect$$libinit$$00000026          0x080002f2   Section        4  libinit2.o(.ARM.Collect$$libinit$$00000026)
    .ARM.Collect$$libinit$$00000027          0x080002f6   Section        0  libinit2.o(.ARM.Collect$$libinit$$00000027)
    .ARM.Collect$$libinit$$0000002E          0x080002f6   Section        0  libinit2.o(.ARM.Collect$$libinit$$0000002E)
    .ARM.Collect$$libinit$$00000030          0x080002f6   Section        0  libinit2.o(.ARM.Collect$$libinit$$00000030)
    .ARM.Collect$$libinit$$00000032          0x080002f6   Section        0  libinit2.o(.ARM.Collect$$libinit$$00000032)
    .ARM.Collect$$libinit$$00000034          0x080002f6   Section        0  libinit2.o(.ARM.Collect$$libinit$$00000034)
    .ARM.Collect$$libinit$$00000035          0x080002f6   Section        2  libinit2.o(.ARM.Collect$$libinit$$00000035)
    .ARM.Collect$$libshutdown$$00000000      0x080002f8   Section        2  libshutdown.o(.ARM.Collect$$libshutdown$$00000000)
    .ARM.Collect$$libshutdown$$00000002      0x080002fa   Section        0  libshutdown2.o(.ARM.Collect$$libshutdown$$00000002)
    .ARM.Collect$$libshutdown$$00000003      0x080002fa   Section        4  libshutdown2.o(.ARM.Collect$$libshutdown$$00000003)
    .ARM.Collect$$libshutdown$$00000004      0x080002fe   Section        0  libshutdown2.o(.ARM.Collect$$libshutdown$$00000004)
    .ARM.Collect$$libshutdown$$00000007      0x080002fe   Section        0  libshutdown2.o(.ARM.Collect$$libshutdown$$00000007)
    .ARM.Collect$$libshutdown$$0000000A      0x080002fe   Section        0  libshutdown2.o(.ARM.Collect$$libshutdown$$0000000A)
    .ARM.Collect$$libshutdown$$0000000C      0x080002fe   Section        0  libshutdown2.o(.ARM.Collect$$libshutdown$$0000000C)
    .ARM.Collect$$libshutdown$$0000000F      0x080002fe   Section        0  libshutdown2.o(.ARM.Collect$$libshutdown$$0000000F)
    .ARM.Collect$$libshutdown$$00000010      0x080002fe   Section        2  libshutdown2.o(.ARM.Collect$$libshutdown$$00000010)
    .ARM.Collect$$rtentry$$00000000          0x08000300   Section        0  __rtentry.o(.ARM.Collect$$rtentry$$00000000)
    .ARM.Collect$$rtentry$$00000002          0x08000300   Section        0  __rtentry2.o(.ARM.Collect$$rtentry$$00000002)
    .ARM.Collect$$rtentry$$00000004          0x08000300   Section        6  __rtentry4.o(.ARM.Collect$$rtentry$$00000004)
    .ARM.Collect$$rtentry$$00000009          0x08000306   Section        0  __rtentry2.o(.ARM.Collect$$rtentry$$00000009)
    .ARM.Collect$$rtentry$$0000000A          0x08000306   Section        4  __rtentry2.o(.ARM.Collect$$rtentry$$0000000A)
    .ARM.Collect$$rtentry$$0000000C          0x0800030a   Section        0  __rtentry2.o(.ARM.Collect$$rtentry$$0000000C)
    .ARM.Collect$$rtentry$$0000000D          0x0800030a   Section        8  __rtentry2.o(.ARM.Collect$$rtentry$$0000000D)
    .ARM.Collect$$rtexit$$00000000           0x08000312   Section        2  rtexit.o(.ARM.Collect$$rtexit$$00000000)
    .ARM.Collect$$rtexit$$00000002           0x08000314   Section        0  rtexit2.o(.ARM.Collect$$rtexit$$00000002)
    .ARM.Collect$$rtexit$$00000003           0x08000314   Section        4  rtexit2.o(.ARM.Collect$$rtexit$$00000003)
    .ARM.Collect$$rtexit$$00000004           0x08000318   Section        6  rtexit2.o(.ARM.Collect$$rtexit$$00000004)
    $v0                                      0x08000320   Number         0  startup_stm32f446xx.o(.text)
    .text                                    0x08000320   Section       64  startup_stm32f446xx.o(.text)
    .text                                    0x08000360   Section        0  printf.o(.text)
    .text                                    0x08000378   Section      124  strcmpv7em.o(.text)
    .text                                    0x080003f4   Section        0  heapauxi.o(.text)
    .text                                    0x080003fa   Section        0  _printf_pad.o(.text)
    .text                                    0x08000448   Section        0  _printf_truncate.o(.text)
    .text                                    0x0800046c   Section        0  _printf_str.o(.text)
    .text                                    0x080004c0   Section        0  _printf_dec.o(.text)
    .text                                    0x08000538   Section        0  _printf_charcount.o(.text)
    .text                                    0x08000560   Section        0  _printf_char_file.o(.text)
    .text                                    0x08000584   Section        0  _printf_wctomb.o(.text)
    .text                                    0x08000640   Section        0  _printf_longlong_dec.o(.text)
    _printf_longlong_oct_internal            0x080006bd   Thumb Code     0  _printf_oct_int_ll.o(.text)
    .text                                    0x080006bc   Section        0  _printf_oct_int_ll.o(.text)
    _printf_hex_common                       0x0800072d   Thumb Code     0  _printf_hex_int_ll_ptr.o(.text)
    .text                                    0x0800072c   Section        0  _printf_hex_int_ll_ptr.o(.text)
    .text                                    0x080007c0   Section        0  __printf_flags_ss_wp.o(.text)
    .text                                    0x08000948   Section      138  lludiv10.o(.text)
    .text                                    0x080009d2   Section        0  _printf_intcommon.o(.text)
    _fp_digits                               0x08000a85   Thumb Code   432  _printf_fp_dec.o(.text)
    .text                                    0x08000a84   Section        0  _printf_fp_dec.o(.text)
    .text                                    0x08000ea0   Section        0  _printf_fp_hex.o(.text)
    _printf_input_char                       0x0800119d   Thumb Code    10  _printf_char_common.o(.text)
    .text                                    0x0800119c   Section        0  _printf_char_common.o(.text)
    .text                                    0x080011cc   Section        0  _printf_char.o(.text)
    .text                                    0x080011f8   Section        0  _printf_wchar.o(.text)
    .text                                    0x08001224   Section        0  ferror.o(.text)
    .text                                    0x0800122c   Section        0  initio.o(.text)
    .text                                    0x08001364   Section        0  _c16rtomb.o(.text)
    .text                                    0x080013ac   Section       74  sys_stackheap_outer.o(.text)
    .text                                    0x080013f8   Section       16  rt_ctype_table.o(.text)
    .text                                    0x08001408   Section        8  rt_locale_intlibspace.o(.text)
    .text                                    0x08001410   Section        0  h1_free.o(.text)
    .text                                    0x08001460   Section        0  _printf_fp_infnan.o(.text)
    .text                                    0x080014e0   Section        0  bigflt0.o(.text)
    .text                                    0x080015c4   Section        0  flsbuf.o(.text)
    .text                                    0x080017a6   Section        0  setvbuf.o(.text)
    _freopen_locked                          0x080017ed   Thumb Code     0  fopen.o(.text)
    .text                                    0x080017ec   Section        0  fopen.o(.text)
    .text                                    0x080018dc   Section        0  fclose.o(.text)
    .text                                    0x08001928   Section        0  exit.o(.text)
    .text                                    0x0800193a   Section        0  defsig_rtred_outer.o(.text)
    .text                                    0x08001948   Section       78  rt_memclr_w.o(.text)
    .text                                    0x08001998   Section        8  libspace.o(.text)
    .text                                    0x080019a0   Section        8  rt_heap_descriptor_intlibspace.o(.text)
    .text                                    0x080019a8   Section        0  hguard.o(.text)
    .text                                    0x080019ac   Section        0  init_alloc.o(.text)
    .text                                    0x08001a36   Section        0  h1_alloc.o(.text)
    .text                                    0x08001a94   Section        0  fseek.o(.text)
    .text                                    0x08001b8c   Section        0  stdio.o(.text)
    .text                                    0x08001c7c   Section        0  defsig_exit.o(.text)
    .text                                    0x08001c88   Section        0  defsig_rtred_inner.o(.text)
    .text                                    0x08001cbc   Section        0  sys_exit.o(.text)
    .text                                    0x08001cc8   Section        0  maybetermalloc1.o(.text)
    .text                                    0x08001cc8   Section        0  h1_init.o(.text)
    .text                                    0x08001cd6   Section        0  h1_extend.o(.text)
    .text                                    0x08001d0a   Section        0  ftell.o(.text)
    .text                                    0x08001d4c   Section        0  defsig_general.o(.text)
    .text                                    0x08001d7e   Section        0  defsig_rtmem_outer.o(.text)
    .text                                    0x08001d8c   Section        0  sys_wrch.o(.text)
    .text                                    0x08001d9a   Section        2  use_no_semi.o(.text)
    .text                                    0x08001d9c   Section        0  indicate_semi.o(.text)
    .text                                    0x08001d9c   Section        8  rt_errno_addr_intlibspace.o(.text)
    .text                                    0x08001da4   Section        0  defsig_rtmem_inner.o(.text)
    [Anonymous Symbol]                       0x08001df4   Section        0  retarget_io.o(.text.ITM_SendChar)
    [Anonymous Symbol]                       0x08001e38   Section        0  system_stm32f4xx.o(.text.SystemInit)
    [Anonymous Symbol]                       0x08001e4c   Section        0  main.o(.text.TIM2_IRQHandler)
    __NVIC_EnableIRQ                         0x08001f05   Thumb Code    48  main.o(.text.__NVIC_EnableIRQ)
    [Anonymous Symbol]                       0x08001f04   Section        0  main.o(.text.__NVIC_EnableIRQ)
    __NVIC_SetPriority                       0x08001f35   Thumb Code    66  main.o(.text.__NVIC_SetPriority)
    [Anonymous Symbol]                       0x08001f34   Section        0  main.o(.text.__NVIC_SetPriority)
    [Anonymous Symbol]                       0x08001f78   Section        0  retarget_io.o(.text._sys_close)
    [Anonymous Symbol]                       0x08001fc4   Section        0  retarget_io.o(.text._sys_flen)
    [Anonymous Symbol]                       0x0800200c   Section        0  retarget_io.o(.text._sys_istty)
    [Anonymous Symbol]                       0x08002054   Section        0  retarget_io.o(.text._sys_open)
    [Anonymous Symbol]                       0x080020d8   Section        0  retarget_io.o(.text._sys_seek)
    [Anonymous Symbol]                       0x0800212c   Section        0  retarget_io.o(.text._sys_write)
    [Anonymous Symbol]                       0x080021c4   Section        0  main.o(.text.config_TIM2_CH2)
    [Anonymous Symbol]                       0x080022d8   Section        0  main.o(.text.config_TIM3_CH3)
    configure_LED_pin                        0x080023d9   Thumb Code    90  main.o(.text.configure_LED_pin)
    [Anonymous Symbol]                       0x080023d8   Section        0  main.o(.text.configure_LED_pin)
    [Anonymous Symbol]                       0x08002434   Section        0  main.o(.text.main)
    stderr_putchar                           0x080024d1   Thumb Code    16  retarget_io.o(.text.stderr_putchar)
    [Anonymous Symbol]                       0x080024d0   Section        0  retarget_io.o(.text.stderr_putchar)
    stdout_putchar                           0x080024e1   Thumb Code    16  retarget_io.o(.text.stdout_putchar)
    [Anonymous Symbol]                       0x080024e0   Section        0  retarget_io.o(.text.stdout_putchar)
    sys_clk_config                           0x080024f1   Thumb Code   116  main.o(.text.sys_clk_config)
    [Anonymous Symbol]                       0x080024f0   Section        0  main.o(.text.sys_clk_config)
    toggle_LED                               0x08002565   Thumb Code    16  main.o(.text.toggle_LED)
    [Anonymous Symbol]                       0x08002564   Section        0  main.o(.text.toggle_LED)
    CL$$btod_d2e                             0x08002574   Section       62  btod.o(CL$$btod_d2e)
    CL$$btod_d2e_denorm_low                  0x080025b2   Section       70  btod.o(CL$$btod_d2e_denorm_low)
    CL$$btod_d2e_norm_op1                    0x080025f8   Section       96  btod.o(CL$$btod_d2e_norm_op1)
    CL$$btod_div_common                      0x08002658   Section      824  btod.o(CL$$btod_div_common)
    CL$$btod_e2e                             0x08002990   Section      220  btod.o(CL$$btod_e2e)
    CL$$btod_ediv                            0x08002a6c   Section       42  btod.o(CL$$btod_ediv)
    CL$$btod_emul                            0x08002a96   Section       42  btod.o(CL$$btod_emul)
    CL$$btod_mult_common                     0x08002ac0   Section      580  btod.o(CL$$btod_mult_common)
    i.__ARM_fpclassify                       0x08002d04   Section        0  fpclassify.o(i.__ARM_fpclassify)
    i._is_digit                              0x08002d34   Section        0  __printf_wp.o(i._is_digit)
    i.fputc                                  0x08002d42   Section        0  fputc.o(i.fputc)
    locale$$code                             0x08002d60   Section       44  lc_numeric_c.o(locale$$code)
    locale$$code                             0x08002d8c   Section       44  lc_ctype_c.o(locale$$code)
    $v0                                      0x08002db8   Number         0  dretinf.o(x$fpl$dretinf)
    x$fpl$dretinf                            0x08002db8   Section       12  dretinf.o(x$fpl$dretinf)
    $v0                                      0x08002dc4   Number         0  f2d.o(x$fpl$f2d)
    x$fpl$f2d                                0x08002dc4   Section       86  f2d.o(x$fpl$f2d)
    $v0                                      0x08002e1a   Number         0  fnaninf.o(x$fpl$fnaninf)
    x$fpl$fnaninf                            0x08002e1a   Section      140  fnaninf.o(x$fpl$fnaninf)
    $v0                                      0x08002ea6   Number         0  fpinit.o(x$fpl$fpinit)
    x$fpl$fpinit                             0x08002ea6   Section       26  fpinit.o(x$fpl$fpinit)
    $v0                                      0x08002ec0   Number         0  printf1.o(x$fpl$printf1)
    x$fpl$printf1                            0x08002ec0   Section        4  printf1.o(x$fpl$printf1)
    $v0                                      0x08002ec4   Number         0  printf2.o(x$fpl$printf2)
    x$fpl$printf2                            0x08002ec4   Section        4  printf2.o(x$fpl$printf2)
    initial_mbstate                          0x08002ec8   Data           8  _printf_wctomb.o(.constdata)
    .constdata                               0x08002ec8   Section        8  _printf_wctomb.o(.constdata)
    x$fpl$usenofp                            0x08002ec8   Section        0  usenofp.o(x$fpl$usenofp)
    uc_hextab                                0x08002ed0   Data          20  _printf_hex_int_ll_ptr.o(.constdata)
    .constdata                               0x08002ed0   Section       40  _printf_hex_int_ll_ptr.o(.constdata)
    lc_hextab                                0x08002ee4   Data          20  _printf_hex_int_ll_ptr.o(.constdata)
    maptable                                 0x08002ef8   Data          17  __printf_flags_ss_wp.o(.constdata)
    .constdata                               0x08002ef8   Section       17  __printf_flags_ss_wp.o(.constdata)
    lc_hextab                                0x08002f09   Data          19  _printf_fp_hex.o(.constdata)
    .constdata                               0x08002f09   Section       38  _printf_fp_hex.o(.constdata)
    uc_hextab                                0x08002f1c   Data          19  _printf_fp_hex.o(.constdata)
    tenpwrs_x                                0x08002f30   Data          60  bigflt0.o(.constdata)
    .constdata                               0x08002f30   Section      148  bigflt0.o(.constdata)
    tenpwrs_i                                0x08002f6c   Data          64  bigflt0.o(.constdata)
    .L.str                                   0x08002fdb   Data           9  main.o(.rodata.str1.1)
    [Anonymous Symbol]                       0x08002fdb   Section        0  main.o(.rodata.str1.1)
    .L.str.1                                 0x08002fe4   Data          14  main.o(.rodata.str1.1)
    .L.str                                   0x08002ff2   Data           7  retarget_io.o(.rodata.str1.1)
    [Anonymous Symbol]                       0x08002ff2   Section        0  retarget_io.o(.rodata.str1.1)
    .L.str.2                                 0x08002ff9   Data           8  retarget_io.o(.rodata.str1.1)
    .L.str.1                                 0x08003001   Data           8  retarget_io.o(.rodata.str1.1)
    locale$$data                             0x0800302c   Section       28  lc_numeric_c.o(locale$$data)
    __lcnum_c_name                           0x08003030   Data           2  lc_numeric_c.o(locale$$data)
    __lcnum_c_start                          0x08003038   Data           0  lc_numeric_c.o(locale$$data)
    __lcnum_c_point                          0x08003044   Data           0  lc_numeric_c.o(locale$$data)
    __lcnum_c_thousands                      0x08003046   Data           0  lc_numeric_c.o(locale$$data)
    __lcnum_c_grouping                       0x08003047   Data           0  lc_numeric_c.o(locale$$data)
    __lcnum_c_end                            0x08003048   Data           0  lc_numeric_c.o(locale$$data)
    locale$$data                             0x08003048   Section      272  lc_ctype_c.o(locale$$data)
    __lcctype_c_name                         0x0800304c   Data           2  lc_ctype_c.o(locale$$data)
    __lcctype_c_start                        0x08003054   Data           0  lc_ctype_c.o(locale$$data)
    __lcctype_c_end                          0x08003158   Data           0  lc_ctype_c.o(locale$$data)
    .data                                    0x20000000   Section        4  stdio_streams.o(.data)
    .data                                    0x20000004   Section        4  stdio_streams.o(.data)
    .data                                    0x20000008   Section        4  stdio_streams.o(.data)
    .bss                                     0x20000010   Section       84  stdio_streams.o(.bss)
    .bss                                     0x20000064   Section       84  stdio_streams.o(.bss)
    .bss                                     0x200000b8   Section       84  stdio_streams.o(.bss)
    .bss                                     0x2000010c   Section       96  libspace.o(.bss)
    Heap_Mem                                 0x20000180   Data         512  startup_stm32f446xx.o(HEAP)
    HEAP                                     0x20000180   Section      512  startup_stm32f446xx.o(HEAP)
    Stack_Mem                                0x20000380   Data        1024  startup_stm32f446xx.o(STACK)
    STACK                                    0x20000380   Section     1024  startup_stm32f446xx.o(STACK)
    __initial_sp                             0x20000780   Data           0  startup_stm32f446xx.o(STACK)

    Global Symbols

    Symbol Name                              Value     Ov Type        Size  Object(Section)

    BuildAttributes$$THM_ISAv4$E$P$D$K$B$S$7EM$VFPi3$EXTD16$VFPS$VFMA$PE$A:L22UL41UL21$X:L11$S22US41US21$IEEE1$IW$~IW$USESV6$~STKCKD$USESV7$~SHL$OTIME$ROPI$IEEEJ$EBA8$UX$STANDARDLIB$REQ8$PRES8$EABIv2 0x00000000   Number         0  anon$$obj.o ABSOLUTE
    _printf_flags                            0x00000000   Number         0  printf_stubs.o ABSOLUTE
    _printf_return_value                     0x00000000   Number         0  printf_stubs.o ABSOLUTE
    _printf_sizespec                         0x00000000   Number         0  printf_stubs.o ABSOLUTE
    _printf_widthprec                        0x00000000   Number         0  printf_stubs.o ABSOLUTE
    __ARM_exceptions_init                     - Undefined Weak Reference
    __alloca_initialize                       - Undefined Weak Reference
    __arm_preinit_                            - Undefined Weak Reference
    __arm_relocate_pie_                       - Undefined Weak Reference
    __cpp_initialize__aeabi_                  - Undefined Weak Reference
    __cxa_finalize                            - Undefined Weak Reference
    __sigvec_lookup                           - Undefined Weak Reference
    __user_heap_extent                        - Undefined Weak Reference
    _atexit_init                              - Undefined Weak Reference
    _call_atexit_fns                          - Undefined Weak Reference
    _clock_init                               - Undefined Weak Reference
    _fp_trap_init                             - Undefined Weak Reference
    _fp_trap_shutdown                         - Undefined Weak Reference
    _get_lc_collate                           - Undefined Weak Reference
    _get_lc_monetary                          - Undefined Weak Reference
    _get_lc_time                              - Undefined Weak Reference
    _getenv_init                              - Undefined Weak Reference
    _handle_redirection                       - Undefined Weak Reference
    _mutex_acquire                            - Undefined Weak Reference
    _mutex_free                               - Undefined Weak Reference
    _mutex_release                            - Undefined Weak Reference
    _printf_mbtowc                            - Undefined Weak Reference
    _printf_wc                                - Undefined Weak Reference
    _rand_init                                - Undefined Weak Reference
    _signal_finish                            - Undefined Weak Reference
    _signal_init                              - Undefined Weak Reference
    __Vectors_Size                           0x000001c4   Number         0  startup_stm32f446xx.o ABSOLUTE
    __Vectors                                0x08000000   Data           4  startup_stm32f446xx.o(RESET)
    __Vectors_End                            0x080001c4   Data           0  startup_stm32f446xx.o(RESET)
    __main                                   0x080001c5   Thumb Code     8  __main.o(!!!main)
    __scatterload                            0x080001cd   Thumb Code     0  __scatter.o(!!!scatter)
    __scatterload_rt2                        0x080001cd   Thumb Code    44  __scatter.o(!!!scatter)
    __scatterload_rt2_thumb_only             0x080001cd   Thumb Code     0  __scatter.o(!!!scatter)
    __scatterload_null                       0x080001db   Thumb Code     0  __scatter.o(!!!scatter)
    __scatterload_copy                       0x08000201   Thumb Code    26  __scatter_copy.o(!!handler_copy)
    __scatterload_zeroinit                   0x0800021d   Thumb Code    28  __scatter_zi.o(!!handler_zi)
    _printf_n                                0x08000239   Thumb Code     0  _printf_n.o(.ARM.Collect$$_printf_percent$$00000001)
    _printf_percent                          0x08000239   Thumb Code     0  _printf_percent.o(.ARM.Collect$$_printf_percent$$00000000)
    _printf_p                                0x0800023f   Thumb Code     0  _printf_p.o(.ARM.Collect$$_printf_percent$$00000002)
    _printf_f                                0x08000245   Thumb Code     0  _printf_f.o(.ARM.Collect$$_printf_percent$$00000003)
    _printf_e                                0x0800024b   Thumb Code     0  _printf_e.o(.ARM.Collect$$_printf_percent$$00000004)
    _printf_g                                0x08000251   Thumb Code     0  _printf_g.o(.ARM.Collect$$_printf_percent$$00000005)
    _printf_a                                0x08000257   Thumb Code     0  _printf_a.o(.ARM.Collect$$_printf_percent$$00000006)
    _printf_ll                               0x0800025d   Thumb Code     0  _printf_ll.o(.ARM.Collect$$_printf_percent$$00000007)
    _printf_i                                0x08000267   Thumb Code     0  _printf_i.o(.ARM.Collect$$_printf_percent$$00000008)
    _printf_d                                0x0800026d   Thumb Code     0  _printf_d.o(.ARM.Collect$$_printf_percent$$00000009)
    _printf_u                                0x08000273   Thumb Code     0  _printf_u.o(.ARM.Collect$$_printf_percent$$0000000A)
    _printf_o                                0x08000279   Thumb Code     0  _printf_o.o(.ARM.Collect$$_printf_percent$$0000000B)
    _printf_x                                0x0800027f   Thumb Code     0  _printf_x.o(.ARM.Collect$$_printf_percent$$0000000C)
    _printf_lli                              0x08000285   Thumb Code     0  _printf_lli.o(.ARM.Collect$$_printf_percent$$0000000D)
    _printf_lld                              0x0800028b   Thumb Code     0  _printf_lld.o(.ARM.Collect$$_printf_percent$$0000000E)
    _printf_llu                              0x08000291   Thumb Code     0  _printf_llu.o(.ARM.Collect$$_printf_percent$$0000000F)
    _printf_llo                              0x08000297   Thumb Code     0  _printf_llo.o(.ARM.Collect$$_printf_percent$$00000010)
    _printf_llx                              0x0800029d   Thumb Code     0  _printf_llx.o(.ARM.Collect$$_printf_percent$$00000011)
    _printf_l                                0x080002a3   Thumb Code     0  _printf_l.o(.ARM.Collect$$_printf_percent$$00000012)
    _printf_c                                0x080002ad   Thumb Code     0  _printf_c.o(.ARM.Collect$$_printf_percent$$00000013)
    _printf_s                                0x080002b3   Thumb Code     0  _printf_s.o(.ARM.Collect$$_printf_percent$$00000014)
    _printf_lc                               0x080002b9   Thumb Code     0  _printf_lc.o(.ARM.Collect$$_printf_percent$$00000015)
    _printf_ls                               0x080002bf   Thumb Code     0  _printf_ls.o(.ARM.Collect$$_printf_percent$$00000016)
    _printf_percent_end                      0x080002c5   Thumb Code     0  _printf_percent_end.o(.ARM.Collect$$_printf_percent$$00000017)
    __rt_lib_init                            0x080002c9   Thumb Code     0  libinit.o(.ARM.Collect$$libinit$$00000000)
    __rt_lib_init_fp_1                       0x080002cb   Thumb Code     0  libinit2.o(.ARM.Collect$$libinit$$00000001)
    __rt_lib_init_heap_2                     0x080002cf   Thumb Code     0  libinit2.o(.ARM.Collect$$libinit$$00000007)
    __rt_lib_init_preinit_1                  0x080002cf   Thumb Code     0  libinit2.o(.ARM.Collect$$libinit$$00000006)
    __rt_lib_init_relocate_pie_1             0x080002cf   Thumb Code     0  libinit2.o(.ARM.Collect$$libinit$$00000004)
    __rt_lib_init_heap_1                     0x080002d7   Thumb Code     0  libinit2.o(.ARM.Collect$$libinit$$0000000C)
    __rt_lib_init_lc_common                  0x080002d7   Thumb Code     0  libinit2.o(.ARM.Collect$$libinit$$00000011)
    __rt_lib_init_rand_1                     0x080002d7   Thumb Code     0  libinit2.o(.ARM.Collect$$libinit$$00000010)
    __rt_lib_init_user_alloc_1               0x080002d7   Thumb Code     0  libinit2.o(.ARM.Collect$$libinit$$0000000E)
    __rt_lib_init_lc_collate_1               0x080002dd   Thumb Code     0  libinit2.o(.ARM.Collect$$libinit$$00000013)
    __rt_lib_init_lc_ctype_2                 0x080002dd   Thumb Code     0  libinit2.o(.ARM.Collect$$libinit$$00000014)
    __rt_lib_init_lc_ctype_1                 0x080002e9   Thumb Code     0  libinit2.o(.ARM.Collect$$libinit$$00000015)
    __rt_lib_init_lc_monetary_1              0x080002e9   Thumb Code     0  libinit2.o(.ARM.Collect$$libinit$$00000017)
    __rt_lib_init_lc_numeric_2               0x080002e9   Thumb Code     0  libinit2.o(.ARM.Collect$$libinit$$00000018)
    __rt_lib_init_atexit_1                   0x080002f3   Thumb Code     0  libinit2.o(.ARM.Collect$$libinit$$0000001D)
    __rt_lib_init_clock_1                    0x080002f3   Thumb Code     0  libinit2.o(.ARM.Collect$$libinit$$00000023)
    __rt_lib_init_fp_trap_1                  0x080002f3   Thumb Code     0  libinit2.o(.ARM.Collect$$libinit$$00000021)
    __rt_lib_init_getenv_1                   0x080002f3   Thumb Code     0  libinit2.o(.ARM.Collect$$libinit$$00000025)
    __rt_lib_init_lc_numeric_1               0x080002f3   Thumb Code     0  libinit2.o(.ARM.Collect$$libinit$$00000019)
    __rt_lib_init_lc_time_1                  0x080002f3   Thumb Code     0  libinit2.o(.ARM.Collect$$libinit$$0000001B)
    __rt_lib_init_signal_1                   0x080002f3   Thumb Code     0  libinit2.o(.ARM.Collect$$libinit$$0000001F)
    __rt_lib_init_stdio_2                    0x080002f3   Thumb Code     0  libinit2.o(.ARM.Collect$$libinit$$00000026)
    __rt_lib_init_alloca_1                   0x080002f7   Thumb Code     0  libinit2.o(.ARM.Collect$$libinit$$00000030)
    __rt_lib_init_argv_1                     0x080002f7   Thumb Code     0  libinit2.o(.ARM.Collect$$libinit$$0000002E)
    __rt_lib_init_cpp_1                      0x080002f7   Thumb Code     0  libinit2.o(.ARM.Collect$$libinit$$00000034)
    __rt_lib_init_exceptions_1               0x080002f7   Thumb Code     0  libinit2.o(.ARM.Collect$$libinit$$00000032)
    __rt_lib_init_return                     0x080002f7   Thumb Code     0  libinit2.o(.ARM.Collect$$libinit$$00000035)
    __rt_lib_init_stdio_1                    0x080002f7   Thumb Code     0  libinit2.o(.ARM.Collect$$libinit$$00000027)
    __rt_lib_shutdown                        0x080002f9   Thumb Code     0  libshutdown.o(.ARM.Collect$$libshutdown$$00000000)
    __rt_lib_shutdown_cpp_1                  0x080002fb   Thumb Code     0  libshutdown2.o(.ARM.Collect$$libshutdown$$00000002)
    __rt_lib_shutdown_stdio_2                0x080002fb   Thumb Code     0  libshutdown2.o(.ARM.Collect$$libshutdown$$00000003)
    __rt_lib_shutdown_fp_trap_1              0x080002ff   Thumb Code     0  libshutdown2.o(.ARM.Collect$$libshutdown$$00000007)
    __rt_lib_shutdown_heap_1                 0x080002ff   Thumb Code     0  libshutdown2.o(.ARM.Collect$$libshutdown$$0000000F)
    __rt_lib_shutdown_return                 0x080002ff   Thumb Code     0  libshutdown2.o(.ARM.Collect$$libshutdown$$00000010)
    __rt_lib_shutdown_signal_1               0x080002ff   Thumb Code     0  libshutdown2.o(.ARM.Collect$$libshutdown$$0000000A)
    __rt_lib_shutdown_stdio_1                0x080002ff   Thumb Code     0  libshutdown2.o(.ARM.Collect$$libshutdown$$00000004)
    __rt_lib_shutdown_user_alloc_1           0x080002ff   Thumb Code     0  libshutdown2.o(.ARM.Collect$$libshutdown$$0000000C)
    __rt_entry                               0x08000301   Thumb Code     0  __rtentry.o(.ARM.Collect$$rtentry$$00000000)
    __rt_entry_presh_1                       0x08000301   Thumb Code     0  __rtentry2.o(.ARM.Collect$$rtentry$$00000002)
    __rt_entry_sh                            0x08000301   Thumb Code     0  __rtentry4.o(.ARM.Collect$$rtentry$$00000004)
    __rt_entry_li                            0x08000307   Thumb Code     0  __rtentry2.o(.ARM.Collect$$rtentry$$0000000A)
    __rt_entry_postsh_1                      0x08000307   Thumb Code     0  __rtentry2.o(.ARM.Collect$$rtentry$$00000009)
    __rt_entry_main                          0x0800030b   Thumb Code     0  __rtentry2.o(.ARM.Collect$$rtentry$$0000000D)
    __rt_entry_postli_1                      0x0800030b   Thumb Code     0  __rtentry2.o(.ARM.Collect$$rtentry$$0000000C)
    __rt_exit                                0x08000313   Thumb Code     0  rtexit.o(.ARM.Collect$$rtexit$$00000000)
    __rt_exit_ls                             0x08000315   Thumb Code     0  rtexit2.o(.ARM.Collect$$rtexit$$00000003)
    __rt_exit_prels_1                        0x08000315   Thumb Code     0  rtexit2.o(.ARM.Collect$$rtexit$$00000002)
    __rt_exit_exit                           0x08000319   Thumb Code     0  rtexit2.o(.ARM.Collect$$rtexit$$00000004)
    Reset_Handler                            0x08000321   Thumb Code     8  startup_stm32f446xx.o(.text)
    NMI_Handler                              0x08000329   Thumb Code     2  startup_stm32f446xx.o(.text)
    HardFault_Handler                        0x0800032b   Thumb Code     2  startup_stm32f446xx.o(.text)
    MemManage_Handler                        0x0800032d   Thumb Code     2  startup_stm32f446xx.o(.text)
    BusFault_Handler                         0x0800032f   Thumb Code     2  startup_stm32f446xx.o(.text)
    UsageFault_Handler                       0x08000331   Thumb Code     2  startup_stm32f446xx.o(.text)
    SVC_Handler                              0x08000333   Thumb Code     2  startup_stm32f446xx.o(.text)
    DebugMon_Handler                         0x08000335   Thumb Code     2  startup_stm32f446xx.o(.text)
    PendSV_Handler                           0x08000337   Thumb Code     2  startup_stm32f446xx.o(.text)
    SysTick_Handler                          0x08000339   Thumb Code     2  startup_stm32f446xx.o(.text)
    ADC_IRQHandler                           0x0800033b   Thumb Code     0  startup_stm32f446xx.o(.text)
    CAN1_RX0_IRQHandler                      0x0800033b   Thumb Code     0  startup_stm32f446xx.o(.text)
    CAN1_RX1_IRQHandler                      0x0800033b   Thumb Code     0  startup_stm32f446xx.o(.text)
    CAN1_SCE_IRQHandler                      0x0800033b   Thumb Code     0  startup_stm32f446xx.o(.text)
    CAN1_TX_IRQHandler                       0x0800033b   Thumb Code     0  startup_stm32f446xx.o(.text)
    CAN2_RX0_IRQHandler                      0x0800033b   Thumb Code     0  startup_stm32f446xx.o(.text)
    CAN2_RX1_IRQHandler                      0x0800033b   Thumb Code     0  startup_stm32f446xx.o(.text)
    CAN2_SCE_IRQHandler                      0x0800033b   Thumb Code     0  startup_stm32f446xx.o(.text)
    CAN2_TX_IRQHandler                       0x0800033b   Thumb Code     0  startup_stm32f446xx.o(.text)
    CEC_IRQHandler                           0x0800033b   Thumb Code     0  startup_stm32f446xx.o(.text)
    DCMI_IRQHandler                          0x0800033b   Thumb Code     0  startup_stm32f446xx.o(.text)
    DMA1_Stream0_IRQHandler                  0x0800033b   Thumb Code     0  startup_stm32f446xx.o(.text)
    DMA1_Stream1_IRQHandler                  0x0800033b   Thumb Code     0  startup_stm32f446xx.o(.text)
    DMA1_Stream2_IRQHandler                  0x0800033b   Thumb Code     0  startup_stm32f446xx.o(.text)
    DMA1_Stream3_IRQHandler                  0x0800033b   Thumb Code     0  startup_stm32f446xx.o(.text)
    DMA1_Stream4_IRQHandler                  0x0800033b   Thumb Code     0  startup_stm32f446xx.o(.text)
    DMA1_Stream5_IRQHandler                  0x0800033b   Thumb Code     0  startup_stm32f446xx.o(.text)
    DMA1_Stream6_IRQHandler                  0x0800033b   Thumb Code     0  startup_stm32f446xx.o(.text)
    DMA1_Stream7_IRQHandler                  0x0800033b   Thumb Code     0  startup_stm32f446xx.o(.text)
    DMA2_Stream0_IRQHandler                  0x0800033b   Thumb Code     0  startup_stm32f446xx.o(.text)
    DMA2_Stream1_IRQHandler                  0x0800033b   Thumb Code     0  startup_stm32f446xx.o(.text)
    DMA2_Stream2_IRQHandler                  0x0800033b   Thumb Code     0  startup_stm32f446xx.o(.text)
    DMA2_Stream3_IRQHandler                  0x0800033b   Thumb Code     0  startup_stm32f446xx.o(.text)
    DMA2_Stream4_IRQHandler                  0x0800033b   Thumb Code     0  startup_stm32f446xx.o(.text)
    DMA2_Stream5_IRQHandler                  0x0800033b   Thumb Code     0  startup_stm32f446xx.o(.text)
    DMA2_Stream6_IRQHandler                  0x0800033b   Thumb Code     0  startup_stm32f446xx.o(.text)
    DMA2_Stream7_IRQHandler                  0x0800033b   Thumb Code     0  startup_stm32f446xx.o(.text)
    EXTI0_IRQHandler                         0x0800033b   Thumb Code     0  startup_stm32f446xx.o(.text)
    EXTI15_10_IRQHandler                     0x0800033b   Thumb Code     0  startup_stm32f446xx.o(.text)
    EXTI1_IRQHandler                         0x0800033b   Thumb Code     0  startup_stm32f446xx.o(.text)
    EXTI2_IRQHandler                         0x0800033b   Thumb Code     0  startup_stm32f446xx.o(.text)
    EXTI3_IRQHandler                         0x0800033b   Thumb Code     0  startup_stm32f446xx.o(.text)
    EXTI4_IRQHandler                         0x0800033b   Thumb Code     0  startup_stm32f446xx.o(.text)
    EXTI9_5_IRQHandler                       0x0800033b   Thumb Code     0  startup_stm32f446xx.o(.text)
    FLASH_IRQHandler                         0x0800033b   Thumb Code     0  startup_stm32f446xx.o(.text)
    FMC_IRQHandler                           0x0800033b   Thumb Code     0  startup_stm32f446xx.o(.text)
    FMPI2C1_ER_IRQHandler                    0x0800033b   Thumb Code     0  startup_stm32f446xx.o(.text)
    FMPI2C1_EV_IRQHandler                    0x0800033b   Thumb Code     0  startup_stm32f446xx.o(.text)
    FPU_IRQHandler                           0x0800033b   Thumb Code     0  startup_stm32f446xx.o(.text)
    I2C1_ER_IRQHandler                       0x0800033b   Thumb Code     0  startup_stm32f446xx.o(.text)
    I2C1_EV_IRQHandler                       0x0800033b   Thumb Code     0  startup_stm32f446xx.o(.text)
    I2C2_ER_IRQHandler                       0x0800033b   Thumb Code     0  startup_stm32f446xx.o(.text)
    I2C2_EV_IRQHandler                       0x0800033b   Thumb Code     0  startup_stm32f446xx.o(.text)
    I2C3_ER_IRQHandler                       0x0800033b   Thumb Code     0  startup_stm32f446xx.o(.text)
    I2C3_EV_IRQHandler                       0x0800033b   Thumb Code     0  startup_stm32f446xx.o(.text)
    OTG_FS_IRQHandler                        0x0800033b   Thumb Code     0  startup_stm32f446xx.o(.text)
    OTG_FS_WKUP_IRQHandler                   0x0800033b   Thumb Code     0  startup_stm32f446xx.o(.text)
    OTG_HS_EP1_IN_IRQHandler                 0x0800033b   Thumb Code     0  startup_stm32f446xx.o(.text)
    OTG_HS_EP1_OUT_IRQHandler                0x0800033b   Thumb Code     0  startup_stm32f446xx.o(.text)
    OTG_HS_IRQHandler                        0x0800033b   Thumb Code     0  startup_stm32f446xx.o(.text)
    OTG_HS_WKUP_IRQHandler                   0x0800033b   Thumb Code     0  startup_stm32f446xx.o(.text)
    PVD_IRQHandler                           0x0800033b   Thumb Code     0  startup_stm32f446xx.o(.text)
    QUADSPI_IRQHandler                       0x0800033b   Thumb Code     0  startup_stm32f446xx.o(.text)
    RCC_IRQHandler                           0x0800033b   Thumb Code     0  startup_stm32f446xx.o(.text)
    RTC_Alarm_IRQHandler                     0x0800033b   Thumb Code     0  startup_stm32f446xx.o(.text)
    RTC_WKUP_IRQHandler                      0x0800033b   Thumb Code     0  startup_stm32f446xx.o(.text)
    SAI1_IRQHandler                          0x0800033b   Thumb Code     0  startup_stm32f446xx.o(.text)
    SAI2_IRQHandler                          0x0800033b   Thumb Code     0  startup_stm32f446xx.o(.text)
    SDIO_IRQHandler                          0x0800033b   Thumb Code     0  startup_stm32f446xx.o(.text)
    SPDIF_RX_IRQHandler                      0x0800033b   Thumb Code     0  startup_stm32f446xx.o(.text)
    SPI1_IRQHandler                          0x0800033b   Thumb Code     0  startup_stm32f446xx.o(.text)
    SPI2_IRQHandler                          0x0800033b   Thumb Code     0  startup_stm32f446xx.o(.text)
    SPI3_IRQHandler                          0x0800033b   Thumb Code     0  startup_stm32f446xx.o(.text)
    SPI4_IRQHandler                          0x0800033b   Thumb Code     0  startup_stm32f446xx.o(.text)
    TAMP_STAMP_IRQHandler                    0x0800033b   Thumb Code     0  startup_stm32f446xx.o(.text)
    TIM1_BRK_TIM9_IRQHandler                 0x0800033b   Thumb Code     0  startup_stm32f446xx.o(.text)
    TIM1_CC_IRQHandler                       0x0800033b   Thumb Code     0  startup_stm32f446xx.o(.text)
    TIM1_TRG_COM_TIM11_IRQHandler            0x0800033b   Thumb Code     0  startup_stm32f446xx.o(.text)
    TIM1_UP_TIM10_IRQHandler                 0x0800033b   Thumb Code     0  startup_stm32f446xx.o(.text)
    TIM3_IRQHandler                          0x0800033b   Thumb Code     0  startup_stm32f446xx.o(.text)
    TIM4_IRQHandler                          0x0800033b   Thumb Code     0  startup_stm32f446xx.o(.text)
    TIM5_IRQHandler                          0x0800033b   Thumb Code     0  startup_stm32f446xx.o(.text)
    TIM6_DAC_IRQHandler                      0x0800033b   Thumb Code     0  startup_stm32f446xx.o(.text)
    TIM7_IRQHandler                          0x0800033b   Thumb Code     0  startup_stm32f446xx.o(.text)
    TIM8_BRK_TIM12_IRQHandler                0x0800033b   Thumb Code     0  startup_stm32f446xx.o(.text)
    TIM8_CC_IRQHandler                       0x0800033b   Thumb Code     0  startup_stm32f446xx.o(.text)
    TIM8_TRG_COM_TIM14_IRQHandler            0x0800033b   Thumb Code     0  startup_stm32f446xx.o(.text)
    TIM8_UP_TIM13_IRQHandler                 0x0800033b   Thumb Code     0  startup_stm32f446xx.o(.text)
    UART4_IRQHandler                         0x0800033b   Thumb Code     0  startup_stm32f446xx.o(.text)
    UART5_IRQHandler                         0x0800033b   Thumb Code     0  startup_stm32f446xx.o(.text)
    USART1_IRQHandler                        0x0800033b   Thumb Code     0  startup_stm32f446xx.o(.text)
    USART2_IRQHandler                        0x0800033b   Thumb Code     0  startup_stm32f446xx.o(.text)
    USART3_IRQHandler                        0x0800033b   Thumb Code     0  startup_stm32f446xx.o(.text)
    USART6_IRQHandler                        0x0800033b   Thumb Code     0  startup_stm32f446xx.o(.text)
    WWDG_IRQHandler                          0x0800033b   Thumb Code     0  startup_stm32f446xx.o(.text)
    __user_initial_stackheap                 0x0800033d   Thumb Code     0  startup_stm32f446xx.o(.text)
    printf                                   0x08000361   Thumb Code    20  printf.o(.text)
    strcmp                                   0x08000379   Thumb Code   124  strcmpv7em.o(.text)
    __use_two_region_memory                  0x080003f5   Thumb Code     2  heapauxi.o(.text)
    __rt_heap_escrow                         0x080003f7   Thumb Code     2  heapauxi.o(.text)
    __rt_heap_expand                         0x080003f9   Thumb Code     2  heapauxi.o(.text)
    _printf_pre_padding                      0x080003fb   Thumb Code    44  _printf_pad.o(.text)
    _printf_post_padding                     0x08000427   Thumb Code    34  _printf_pad.o(.text)
    _printf_truncate_signed                  0x08000449   Thumb Code    18  _printf_truncate.o(.text)
    _printf_truncate_unsigned                0x0800045b   Thumb Code    18  _printf_truncate.o(.text)
    _printf_str                              0x0800046d   Thumb Code    82  _printf_str.o(.text)
    _printf_int_dec                          0x080004c1   Thumb Code   104  _printf_dec.o(.text)
    _printf_charcount                        0x08000539   Thumb Code    40  _printf_charcount.o(.text)
    _printf_char_file                        0x08000561   Thumb Code    32  _printf_char_file.o(.text)
    _printf_wctomb                           0x08000585   Thumb Code   182  _printf_wctomb.o(.text)
    _printf_longlong_dec                     0x08000641   Thumb Code   108  _printf_longlong_dec.o(.text)
    _printf_longlong_oct                     0x080006bd   Thumb Code    68  _printf_oct_int_ll.o(.text)
    _printf_int_oct                          0x08000701   Thumb Code    24  _printf_oct_int_ll.o(.text)
    _printf_ll_oct                           0x08000719   Thumb Code    12  _printf_oct_int_ll.o(.text)
    _printf_longlong_hex                     0x0800072d   Thumb Code    86  _printf_hex_int_ll_ptr.o(.text)
    _printf_int_hex                          0x08000783   Thumb Code    28  _printf_hex_int_ll_ptr.o(.text)
    _printf_ll_hex                           0x0800079f   Thumb Code    12  _printf_hex_int_ll_ptr.o(.text)
    _printf_hex_ptr                          0x080007ab   Thumb Code    18  _printf_hex_int_ll_ptr.o(.text)
    __printf                                 0x080007c1   Thumb Code   388  __printf_flags_ss_wp.o(.text)
    _ll_udiv10                               0x08000949   Thumb Code   138  lludiv10.o(.text)
    _printf_int_common                       0x080009d3   Thumb Code   178  _printf_intcommon.o(.text)
    _printf_fp_dec_real                      0x08000c35   Thumb Code   620  _printf_fp_dec.o(.text)
    _printf_fp_hex_real                      0x08000ea1   Thumb Code   756  _printf_fp_hex.o(.text)
    _printf_char_common                      0x080011a7   Thumb Code    32  _printf_char_common.o(.text)
    _printf_cs_common                        0x080011cd   Thumb Code    20  _printf_char.o(.text)
    _printf_char                             0x080011e1   Thumb Code    16  _printf_char.o(.text)
    _printf_string                           0x080011f1   Thumb Code     8  _printf_char.o(.text)
    _printf_lcs_common                       0x080011f9   Thumb Code    20  _printf_wchar.o(.text)
    _printf_wchar                            0x0800120d   Thumb Code    16  _printf_wchar.o(.text)
    _printf_wstring                          0x0800121d   Thumb Code     8  _printf_wchar.o(.text)
    ferror                                   0x08001225   Thumb Code     8  ferror.o(.text)
    _initio                                  0x0800122d   Thumb Code   210  initio.o(.text)
    _terminateio                             0x080012ff   Thumb Code    56  initio.o(.text)
    _c16rtomb                                0x08001365   Thumb Code    72  _c16rtomb.o(.text)
    _wcrtomb                                 0x08001365   Thumb Code     0  _c16rtomb.o(.text)
    __user_setup_stackheap                   0x080013ad   Thumb Code    74  sys_stackheap_outer.o(.text)
    __rt_ctype_table                         0x080013f9   Thumb Code    16  rt_ctype_table.o(.text)
    __rt_locale                              0x08001409   Thumb Code     8  rt_locale_intlibspace.o(.text)
    free                                     0x08001411   Thumb Code    78  h1_free.o(.text)
    _printf_fp_infnan                        0x08001461   Thumb Code   112  _printf_fp_infnan.o(.text)
    _btod_etento                             0x080014e1   Thumb Code   224  bigflt0.o(.text)
    __flsbuf                                 0x080015c5   Thumb Code   482  flsbuf.o(.text)
    __flsbuf_byte                            0x080015c5   Thumb Code     0  flsbuf.o(.text)
    __flsbuf_wide                            0x080015c5   Thumb Code     0  flsbuf.o(.text)
    setvbuf                                  0x080017a7   Thumb Code    70  setvbuf.o(.text)
    freopen                                  0x080017ed   Thumb Code   160  fopen.o(.text)
    fopen                                    0x0800188d   Thumb Code    74  fopen.o(.text)
    _fclose_internal                         0x080018dd   Thumb Code    76  fclose.o(.text)
    fclose                                   0x080018dd   Thumb Code     0  fclose.o(.text)
    exit                                     0x08001929   Thumb Code    18  exit.o(.text)
    __rt_SIGRTRED                            0x0800193b   Thumb Code    14  defsig_rtred_outer.o(.text)
    __aeabi_memclr4                          0x08001949   Thumb Code     0  rt_memclr_w.o(.text)
    __aeabi_memclr8                          0x08001949   Thumb Code     0  rt_memclr_w.o(.text)
    __rt_memclr_w                            0x08001949   Thumb Code     0  rt_memclr_w.o(.text)
    _memset_w                                0x0800194d   Thumb Code    74  rt_memclr_w.o(.text)
    __user_libspace                          0x08001999   Thumb Code     8  libspace.o(.text)
    __user_perproc_libspace                  0x08001999   Thumb Code     0  libspace.o(.text)
    __user_perthread_libspace                0x08001999   Thumb Code     0  libspace.o(.text)
    __rt_heap_descriptor                     0x080019a1   Thumb Code     8  rt_heap_descriptor_intlibspace.o(.text)
    __use_no_heap                            0x080019a9   Thumb Code     2  hguard.o(.text)
    __heap$guard                             0x080019ab   Thumb Code     2  hguard.o(.text)
    _terminate_user_alloc                    0x080019ad   Thumb Code     2  init_alloc.o(.text)
    _init_user_alloc                         0x080019af   Thumb Code     2  init_alloc.o(.text)
    __Heap_Full                              0x080019b1   Thumb Code    34  init_alloc.o(.text)
    __Heap_Broken                            0x080019d3   Thumb Code     6  init_alloc.o(.text)
    _init_alloc                              0x080019d9   Thumb Code    94  init_alloc.o(.text)
    malloc                                   0x08001a37   Thumb Code    94  h1_alloc.o(.text)
    _fseek                                   0x08001a95   Thumb Code   242  fseek.o(.text)
    fseek                                    0x08001a95   Thumb Code     0  fseek.o(.text)
    _seterr                                  0x08001b8d   Thumb Code    20  stdio.o(.text)
    _writebuf                                0x08001ba1   Thumb Code    84  stdio.o(.text)
    _fflush                                  0x08001bf5   Thumb Code    70  stdio.o(.text)
    _deferredlazyseek                        0x08001c3b   Thumb Code    60  stdio.o(.text)
    __sig_exit                               0x08001c7d   Thumb Code    10  defsig_exit.o(.text)
    __rt_SIGRTRED_inner                      0x08001c89   Thumb Code    14  defsig_rtred_inner.o(.text)
    _sys_exit                                0x08001cbd   Thumb Code     8  sys_exit.o(.text)
    __Heap_Initialize                        0x08001cc9   Thumb Code    10  h1_init.o(.text)
    _maybe_terminate_alloc                   0x08001cc9   Thumb Code     0  maybetermalloc1.o(.text)
    __Heap_DescSize                          0x08001cd3   Thumb Code     4  h1_init.o(.text)
    __Heap_ProvideMemory                     0x08001cd7   Thumb Code    52  h1_extend.o(.text)
    _ftell_internal                          0x08001d0b   Thumb Code    66  ftell.o(.text)
    ftell                                    0x08001d0b   Thumb Code     0  ftell.o(.text)
    __default_signal_display                 0x08001d4d   Thumb Code    50  defsig_general.o(.text)
    __rt_SIGRTMEM                            0x08001d7f   Thumb Code    14  defsig_rtmem_outer.o(.text)
    _ttywrch                                 0x08001d8d   Thumb Code    14  sys_wrch.o(.text)
    __I$use$semihosting                      0x08001d9b   Thumb Code     0  use_no_semi.o(.text)
    __use_no_semihosting_swi                 0x08001d9b   Thumb Code     2  use_no_semi.o(.text)
    __aeabi_errno_addr                       0x08001d9d   Thumb Code     8  rt_errno_addr_intlibspace.o(.text)
    __errno$intlibspace                      0x08001d9d   Thumb Code     0  rt_errno_addr_intlibspace.o(.text)
    __rt_errno_addr$intlibspace              0x08001d9d   Thumb Code     0  rt_errno_addr_intlibspace.o(.text)
    __semihosting_library_function           0x08001d9d   Thumb Code     0  indicate_semi.o(.text)
    __rt_SIGRTMEM_inner                      0x08001da5   Thumb Code    22  defsig_rtmem_inner.o(.text)
    ITM_SendChar                             0x08001df5   Thumb Code    66  retarget_io.o(.text.ITM_SendChar)
    SystemInit                               0x08001e39   Thumb Code    18  system_stm32f4xx.o(.text.SystemInit)
    TIM2_IRQHandler                          0x08001e4d   Thumb Code   184  main.o(.text.TIM2_IRQHandler)
    _sys_close                               0x08001f79   Thumb Code    74  retarget_io.o(.text._sys_close)
    _sys_flen                                0x08001fc5   Thumb Code    72  retarget_io.o(.text._sys_flen)
    _sys_istty                               0x0800200d   Thumb Code    72  retarget_io.o(.text._sys_istty)
    _sys_open                                0x08002055   Thumb Code   132  retarget_io.o(.text._sys_open)
    _sys_seek                                0x080020d9   Thumb Code    82  retarget_io.o(.text._sys_seek)
    _sys_write                               0x0800212d   Thumb Code   152  retarget_io.o(.text._sys_write)
    config_TIM2_CH2                          0x080021c5   Thumb Code   276  main.o(.text.config_TIM2_CH2)
    config_TIM3_CH3                          0x080022d9   Thumb Code   256  main.o(.text.config_TIM3_CH3)
    main                                     0x08002435   Thumb Code   156  main.o(.text.main)
    _btod_d2e                                0x08002575   Thumb Code    62  btod.o(CL$$btod_d2e)
    _d2e_denorm_low                          0x080025b3   Thumb Code    70  btod.o(CL$$btod_d2e_denorm_low)
    _d2e_norm_op1                            0x080025f9   Thumb Code    96  btod.o(CL$$btod_d2e_norm_op1)
    __btod_div_common                        0x08002659   Thumb Code   696  btod.o(CL$$btod_div_common)
    _e2e                                     0x08002991   Thumb Code   220  btod.o(CL$$btod_e2e)
    _btod_ediv                               0x08002a6d   Thumb Code    42  btod.o(CL$$btod_ediv)
    _btod_emul                               0x08002a97   Thumb Code    42  btod.o(CL$$btod_emul)
    __btod_mult_common                       0x08002ac1   Thumb Code   580  btod.o(CL$$btod_mult_common)
    __ARM_fpclassify                         0x08002d05   Thumb Code    48  fpclassify.o(i.__ARM_fpclassify)
    _is_digit                                0x08002d35   Thumb Code    14  __printf_wp.o(i._is_digit)
    fputc                                    0x08002d43   Thumb Code    28  fputc.o(i.fputc)
    _get_lc_numeric                          0x08002d61   Thumb Code    44  lc_numeric_c.o(locale$$code)
    _get_lc_ctype                            0x08002d8d   Thumb Code    44  lc_ctype_c.o(locale$$code)
    __fpl_dretinf                            0x08002db9   Thumb Code    12  dretinf.o(x$fpl$dretinf)
    __aeabi_f2d                              0x08002dc5   Thumb Code     0  f2d.o(x$fpl$f2d)
    _f2d                                     0x08002dc5   Thumb Code    86  f2d.o(x$fpl$f2d)
    __fpl_fnaninf                            0x08002e1b   Thumb Code   140  fnaninf.o(x$fpl$fnaninf)
    _fp_init                                 0x08002ea7   Thumb Code    26  fpinit.o(x$fpl$fpinit)
    __fplib_config_fpu_vfp                   0x08002ebf   Thumb Code     0  fpinit.o(x$fpl$fpinit)
    __fplib_config_pureend_doubles           0x08002ebf   Thumb Code     0  fpinit.o(x$fpl$fpinit)
    _printf_fp_dec                           0x08002ec1   Thumb Code     4  printf1.o(x$fpl$printf1)
    _printf_fp_hex                           0x08002ec5   Thumb Code     4  printf2.o(x$fpl$printf2)
    __I$use$fp                               0x08002ec8   Number         0  usenofp.o(x$fpl$usenofp)
    __stderr_name                            0x08002fc4   Data           8  retarget_io.o(.rodata.__stderr_name)
    __stdin_name                             0x08002fcc   Data           7  retarget_io.o(.rodata.__stdin_name)
    __stdout_name                            0x08002fd3   Data           8  retarget_io.o(.rodata.__stdout_name)
    Region$$Table$$Base                      0x0800300c   Number         0  anon$$obj.o(Region$$Table)
    Region$$Table$$Limit                     0x0800302c   Number         0  anon$$obj.o(Region$$Table)
    __ctype                                  0x08003055   Data           0  lc_ctype_c.o(locale$$data)
    __aeabi_stdin                            0x20000000   Data           4  stdio_streams.o(.data)
    __aeabi_stdout                           0x20000004   Data           4  stdio_streams.o(.data)
    __aeabi_stderr                           0x20000008   Data           4  stdio_streams.o(.data)
    __stdin                                  0x20000010   Data          84  stdio_streams.o(.bss)
    __stdout                                 0x20000064   Data          84  stdio_streams.o(.bss)
    __stderr                                 0x200000b8   Data          84  stdio_streams.o(.bss)
    __libspace_start                         0x2000010c   Data          96  libspace.o(.bss)
    __temporary_stack_top$libspace           0x2000016c   Data           0  libspace.o(.bss)
    current                                  0x2000016c   Data           4  main.o(.bss.current)
    last                                     0x20000170   Data           4  main.o(.bss.last)
    overflow                                 0x20000174   Data           4  main.o(.bss.overflow)
    signal_edge                              0x20000178   Data           4  main.o(.bss.signal_edge)
    time                                     0x2000017c   Data           4  main.o(.bss.time)



==============================================================================

Memory Map of the image

  Image Entry point : 0x08000321

  Load Region LR_1 (Base: 0x08000000, Size: 0x00003164, Max: 0xffffffff, ABSOLUTE)

    Execution Region ER_RO (Exec base: 0x08000000, Load base: 0x08000000, Size: 0x00003158, Max: 0xffffffff, ABSOLUTE)

    Exec Addr    Load Addr    Size         Type   Attr      Idx    E Section Name        Object

    0x08000000   0x08000000   0x000001c4   Data   RO           72    RESET               startup_stm32f446xx.o
    0x080001c4   0x080001c4   0x00000008   Code   RO          101  * !!!main             c_w.l(__main.o)
    0x080001cc   0x080001cc   0x00000034   Code   RO          618    !!!scatter          c_w.l(__scatter.o)
    0x08000200   0x08000200   0x0000001a   Code   RO          620    !!handler_copy      c_w.l(__scatter_copy.o)
    0x0800021a   0x0800021a   0x00000002   PAD
    0x0800021c   0x0800021c   0x0000001c   Code   RO          622    !!handler_zi        c_w.l(__scatter_zi.o)
    0x08000238   0x08000238   0x00000000   Code   RO          185    .ARM.Collect$$_printf_percent$$00000000  c_w.l(_printf_percent.o)
    0x08000238   0x08000238   0x00000006   Code   RO          174    .ARM.Collect$$_printf_percent$$00000001  c_w.l(_printf_n.o)
    0x0800023e   0x0800023e   0x00000006   Code   RO          176    .ARM.Collect$$_printf_percent$$00000002  c_w.l(_printf_p.o)
    0x08000244   0x08000244   0x00000006   Code   RO          181    .ARM.Collect$$_printf_percent$$00000003  c_w.l(_printf_f.o)
    0x0800024a   0x0800024a   0x00000006   Code   RO          182    .ARM.Collect$$_printf_percent$$00000004  c_w.l(_printf_e.o)
    0x08000250   0x08000250   0x00000006   Code   RO          183    .ARM.Collect$$_printf_percent$$00000005  c_w.l(_printf_g.o)
    0x08000256   0x08000256   0x00000006   Code   RO          184    .ARM.Collect$$_printf_percent$$00000006  c_w.l(_printf_a.o)
    0x0800025c   0x0800025c   0x0000000a   Code   RO          189    .ARM.Collect$$_printf_percent$$00000007  c_w.l(_printf_ll.o)
    0x08000266   0x08000266   0x00000006   Code   RO          178    .ARM.Collect$$_printf_percent$$00000008  c_w.l(_printf_i.o)
    0x0800026c   0x0800026c   0x00000006   Code   RO          179    .ARM.Collect$$_printf_percent$$00000009  c_w.l(_printf_d.o)
    0x08000272   0x08000272   0x00000006   Code   RO          180    .ARM.Collect$$_printf_percent$$0000000A  c_w.l(_printf_u.o)
    0x08000278   0x08000278   0x00000006   Code   RO          177    .ARM.Collect$$_printf_percent$$0000000B  c_w.l(_printf_o.o)
    0x0800027e   0x0800027e   0x00000006   Code   RO          175    .ARM.Collect$$_printf_percent$$0000000C  c_w.l(_printf_x.o)
    0x08000284   0x08000284   0x00000006   Code   RO          186    .ARM.Collect$$_printf_percent$$0000000D  c_w.l(_printf_lli.o)
    0x0800028a   0x0800028a   0x00000006   Code   RO          187    .ARM.Collect$$_printf_percent$$0000000E  c_w.l(_printf_lld.o)
    0x08000290   0x08000290   0x00000006   Code   RO          188    .ARM.Collect$$_printf_percent$$0000000F  c_w.l(_printf_llu.o)
    0x08000296   0x08000296   0x00000006   Code   RO          193    .ARM.Collect$$_printf_percent$$00000010  c_w.l(_printf_llo.o)
    0x0800029c   0x0800029c   0x00000006   Code   RO          194    .ARM.Collect$$_printf_percent$$00000011  c_w.l(_printf_llx.o)
    0x080002a2   0x080002a2   0x0000000a   Code   RO          190    .ARM.Collect$$_printf_percent$$00000012  c_w.l(_printf_l.o)
    0x080002ac   0x080002ac   0x00000006   Code   RO          172    .ARM.Collect$$_printf_percent$$00000013  c_w.l(_printf_c.o)
    0x080002b2   0x080002b2   0x00000006   Code   RO          173    .ARM.Collect$$_printf_percent$$00000014  c_w.l(_printf_s.o)
    0x080002b8   0x080002b8   0x00000006   Code   RO          191    .ARM.Collect$$_printf_percent$$00000015  c_w.l(_printf_lc.o)
    0x080002be   0x080002be   0x00000006   Code   RO          192    .ARM.Collect$$_printf_percent$$00000016  c_w.l(_printf_ls.o)
    0x080002c4   0x080002c4   0x00000004   Code   RO          246    .ARM.Collect$$_printf_percent$$00000017  c_w.l(_printf_percent_end.o)
    0x080002c8   0x080002c8   0x00000002   Code   RO          390    .ARM.Collect$$libinit$$00000000  c_w.l(libinit.o)
    0x080002ca   0x080002ca   0x00000004   Code   RO          391    .ARM.Collect$$libinit$$00000001  c_w.l(libinit2.o)
    0x080002ce   0x080002ce   0x00000000   Code   RO          394    .ARM.Collect$$libinit$$00000004  c_w.l(libinit2.o)
    0x080002ce   0x080002ce   0x00000000   Code   RO          396    .ARM.Collect$$libinit$$00000006  c_w.l(libinit2.o)
    0x080002ce   0x080002ce   0x00000008   Code   RO          397    .ARM.Collect$$libinit$$00000007  c_w.l(libinit2.o)
    0x080002d6   0x080002d6   0x00000000   Code   RO          399    .ARM.Collect$$libinit$$0000000C  c_w.l(libinit2.o)
    0x080002d6   0x080002d6   0x00000000   Code   RO          401    .ARM.Collect$$libinit$$0000000E  c_w.l(libinit2.o)
    0x080002d6   0x080002d6   0x00000000   Code   RO          403    .ARM.Collect$$libinit$$00000010  c_w.l(libinit2.o)
    0x080002d6   0x080002d6   0x00000006   Code   RO          404    .ARM.Collect$$libinit$$00000011  c_w.l(libinit2.o)
    0x080002dc   0x080002dc   0x00000000   Code   RO          406    .ARM.Collect$$libinit$$00000013  c_w.l(libinit2.o)
    0x080002dc   0x080002dc   0x0000000c   Code   RO          407    .ARM.Collect$$libinit$$00000014  c_w.l(libinit2.o)
    0x080002e8   0x080002e8   0x00000000   Code   RO          408    .ARM.Collect$$libinit$$00000015  c_w.l(libinit2.o)
    0x080002e8   0x080002e8   0x00000000   Code   RO          410    .ARM.Collect$$libinit$$00000017  c_w.l(libinit2.o)
    0x080002e8   0x080002e8   0x0000000a   Code   RO          411    .ARM.Collect$$libinit$$00000018  c_w.l(libinit2.o)
    0x080002f2   0x080002f2   0x00000000   Code   RO          412    .ARM.Collect$$libinit$$00000019  c_w.l(libinit2.o)
    0x080002f2   0x080002f2   0x00000000   Code   RO          414    .ARM.Collect$$libinit$$0000001B  c_w.l(libinit2.o)
    0x080002f2   0x080002f2   0x00000000   Code   RO          416    .ARM.Collect$$libinit$$0000001D  c_w.l(libinit2.o)
    0x080002f2   0x080002f2   0x00000000   Code   RO          418    .ARM.Collect$$libinit$$0000001F  c_w.l(libinit2.o)
    0x080002f2   0x080002f2   0x00000000   Code   RO          420    .ARM.Collect$$libinit$$00000021  c_w.l(libinit2.o)
    0x080002f2   0x080002f2   0x00000000   Code   RO          422    .ARM.Collect$$libinit$$00000023  c_w.l(libinit2.o)
    0x080002f2   0x080002f2   0x00000000   Code   RO          424    .ARM.Collect$$libinit$$00000025  c_w.l(libinit2.o)
    0x080002f2   0x080002f2   0x00000004   Code   RO          425    .ARM.Collect$$libinit$$00000026  c_w.l(libinit2.o)
    0x080002f6   0x080002f6   0x00000000   Code   RO          426    .ARM.Collect$$libinit$$00000027  c_w.l(libinit2.o)
    0x080002f6   0x080002f6   0x00000000   Code   RO          430    .ARM.Collect$$libinit$$0000002E  c_w.l(libinit2.o)
    0x080002f6   0x080002f6   0x00000000   Code   RO          432    .ARM.Collect$$libinit$$00000030  c_w.l(libinit2.o)
    0x080002f6   0x080002f6   0x00000000   Code   RO          434    .ARM.Collect$$libinit$$00000032  c_w.l(libinit2.o)
    0x080002f6   0x080002f6   0x00000000   Code   RO          436    .ARM.Collect$$libinit$$00000034  c_w.l(libinit2.o)
    0x080002f6   0x080002f6   0x00000002   Code   RO          437    .ARM.Collect$$libinit$$00000035  c_w.l(libinit2.o)
    0x080002f8   0x080002f8   0x00000002   Code   RO          597    .ARM.Collect$$libshutdown$$00000000  c_w.l(libshutdown.o)
    0x080002fa   0x080002fa   0x00000000   Code   RO          439    .ARM.Collect$$libshutdown$$00000002  c_w.l(libshutdown2.o)
    0x080002fa   0x080002fa   0x00000004   Code   RO          440    .ARM.Collect$$libshutdown$$00000003  c_w.l(libshutdown2.o)
    0x080002fe   0x080002fe   0x00000000   Code   RO          441    .ARM.Collect$$libshutdown$$00000004  c_w.l(libshutdown2.o)
    0x080002fe   0x080002fe   0x00000000   Code   RO          444    .ARM.Collect$$libshutdown$$00000007  c_w.l(libshutdown2.o)
    0x080002fe   0x080002fe   0x00000000   Code   RO          447    .ARM.Collect$$libshutdown$$0000000A  c_w.l(libshutdown2.o)
    0x080002fe   0x080002fe   0x00000000   Code   RO          449    .ARM.Collect$$libshutdown$$0000000C  c_w.l(libshutdown2.o)
    0x080002fe   0x080002fe   0x00000000   Code   RO          452    .ARM.Collect$$libshutdown$$0000000F  c_w.l(libshutdown2.o)
    0x080002fe   0x080002fe   0x00000002   Code   RO          453    .ARM.Collect$$libshutdown$$00000010  c_w.l(libshutdown2.o)
    0x08000300   0x08000300   0x00000000   Code   RO          105    .ARM.Collect$$rtentry$$00000000  c_w.l(__rtentry.o)
    0x08000300   0x08000300   0x00000000   Code   RO          215    .ARM.Collect$$rtentry$$00000002  c_w.l(__rtentry2.o)
    0x08000300   0x08000300   0x00000006   Code   RO          227    .ARM.Collect$$rtentry$$00000004  c_w.l(__rtentry4.o)
    0x08000306   0x08000306   0x00000000   Code   RO          217    .ARM.Collect$$rtentry$$00000009  c_w.l(__rtentry2.o)
    0x08000306   0x08000306   0x00000004   Code   RO          218    .ARM.Collect$$rtentry$$0000000A  c_w.l(__rtentry2.o)
    0x0800030a   0x0800030a   0x00000000   Code   RO          220    .ARM.Collect$$rtentry$$0000000C  c_w.l(__rtentry2.o)
    0x0800030a   0x0800030a   0x00000008   Code   RO          221    .ARM.Collect$$rtentry$$0000000D  c_w.l(__rtentry2.o)
    0x08000312   0x08000312   0x00000002   Code   RO          463    .ARM.Collect$$rtexit$$00000000  c_w.l(rtexit.o)
    0x08000314   0x08000314   0x00000000   Code   RO          524    .ARM.Collect$$rtexit$$00000002  c_w.l(rtexit2.o)
    0x08000314   0x08000314   0x00000004   Code   RO          525    .ARM.Collect$$rtexit$$00000003  c_w.l(rtexit2.o)
    0x08000318   0x08000318   0x00000006   Code   RO          526    .ARM.Collect$$rtexit$$00000004  c_w.l(rtexit2.o)
    0x0800031e   0x0800031e   0x00000002   PAD
    0x08000320   0x08000320   0x00000040   Code   RO           73  * .text               startup_stm32f446xx.o
    0x08000360   0x08000360   0x00000018   Code   RO           95    .text               c_w.l(printf.o)
    0x08000378   0x08000378   0x0000007c   Code   RO           97    .text               c_w.l(strcmpv7em.o)
    0x080003f4   0x080003f4   0x00000006   Code   RO           99    .text               c_w.l(heapauxi.o)
    0x080003fa   0x080003fa   0x0000004e   Code   RO          108    .text               c_w.l(_printf_pad.o)
    0x08000448   0x08000448   0x00000024   Code   RO          110    .text               c_w.l(_printf_truncate.o)
    0x0800046c   0x0800046c   0x00000052   Code   RO          112    .text               c_w.l(_printf_str.o)
    0x080004be   0x080004be   0x00000002   PAD
    0x080004c0   0x080004c0   0x00000078   Code   RO          114    .text               c_w.l(_printf_dec.o)
    0x08000538   0x08000538   0x00000028   Code   RO          116    .text               c_w.l(_printf_charcount.o)
    0x08000560   0x08000560   0x00000024   Code   RO          118    .text               c_w.l(_printf_char_file.o)
    0x08000584   0x08000584   0x000000bc   Code   RO          120    .text               c_w.l(_printf_wctomb.o)
    0x08000640   0x08000640   0x0000007c   Code   RO          123    .text               c_w.l(_printf_longlong_dec.o)
    0x080006bc   0x080006bc   0x00000070   Code   RO          129    .text               c_w.l(_printf_oct_int_ll.o)
    0x0800072c   0x0800072c   0x00000094   Code   RO          149    .text               c_w.l(_printf_hex_int_ll_ptr.o)
    0x080007c0   0x080007c0   0x00000188   Code   RO          169    .text               c_w.l(__printf_flags_ss_wp.o)
    0x08000948   0x08000948   0x0000008a   Code   RO          229    .text               c_w.l(lludiv10.o)
    0x080009d2   0x080009d2   0x000000b2   Code   RO          231    .text               c_w.l(_printf_intcommon.o)
    0x08000a84   0x08000a84   0x0000041c   Code   RO          233    .text               c_w.l(_printf_fp_dec.o)
    0x08000ea0   0x08000ea0   0x000002fc   Code   RO          237    .text               c_w.l(_printf_fp_hex.o)
    0x0800119c   0x0800119c   0x00000030   Code   RO          240    .text               c_w.l(_printf_char_common.o)
    0x080011cc   0x080011cc   0x0000002c   Code   RO          242    .text               c_w.l(_printf_char.o)
    0x080011f8   0x080011f8   0x0000002c   Code   RO          244    .text               c_w.l(_printf_wchar.o)
    0x08001224   0x08001224   0x00000008   Code   RO          247    .text               c_w.l(ferror.o)
    0x0800122c   0x0800122c   0x00000138   Code   RO          253    .text               c_w.l(initio.o)
    0x08001364   0x08001364   0x00000048   Code   RO          261    .text               c_w.l(_c16rtomb.o)
    0x080013ac   0x080013ac   0x0000004a   Code   RO          265    .text               c_w.l(sys_stackheap_outer.o)
    0x080013f6   0x080013f6   0x00000002   PAD
    0x080013f8   0x080013f8   0x00000010   Code   RO          267    .text               c_w.l(rt_ctype_table.o)
    0x08001408   0x08001408   0x00000008   Code   RO          272    .text               c_w.l(rt_locale_intlibspace.o)
    0x08001410   0x08001410   0x0000004e   Code   RO          276    .text               c_w.l(h1_free.o)
    0x0800145e   0x0800145e   0x00000002   PAD
    0x08001460   0x08001460   0x00000080   Code   RO          330    .text               c_w.l(_printf_fp_infnan.o)
    0x080014e0   0x080014e0   0x000000e4   Code   RO          334    .text               c_w.l(bigflt0.o)
    0x080015c4   0x080015c4   0x000001e2   Code   RO          361    .text               c_w.l(flsbuf.o)
    0x080017a6   0x080017a6   0x00000046   Code   RO          363    .text               c_w.l(setvbuf.o)
    0x080017ec   0x080017ec   0x000000f0   Code   RO          366    .text               c_w.l(fopen.o)
    0x080018dc   0x080018dc   0x0000004c   Code   RO          368    .text               c_w.l(fclose.o)
    0x08001928   0x08001928   0x00000012   Code   RO          377    .text               c_w.l(exit.o)
    0x0800193a   0x0800193a   0x0000000e   Code   RO          379    .text               c_w.l(defsig_rtred_outer.o)
    0x08001948   0x08001948   0x0000004e   Code   RO          383    .text               c_w.l(rt_memclr_w.o)
    0x08001996   0x08001996   0x00000002   PAD
    0x08001998   0x08001998   0x00000008   Code   RO          460    .text               c_w.l(libspace.o)
    0x080019a0   0x080019a0   0x00000008   Code   RO          470    .text               c_w.l(rt_heap_descriptor_intlibspace.o)
    0x080019a8   0x080019a8   0x00000004   Code   RO          472    .text               c_w.l(hguard.o)
    0x080019ac   0x080019ac   0x0000008a   Code   RO          474    .text               c_w.l(init_alloc.o)
    0x08001a36   0x08001a36   0x0000005e   Code   RO          480    .text               c_w.l(h1_alloc.o)
    0x08001a94   0x08001a94   0x000000f8   Code   RO          496    .text               c_w.l(fseek.o)
    0x08001b8c   0x08001b8c   0x000000f0   Code   RO          498    .text               c_w.l(stdio.o)
    0x08001c7c   0x08001c7c   0x0000000a   Code   RO          507    .text               c_w.l(defsig_exit.o)
    0x08001c86   0x08001c86   0x00000002   PAD
    0x08001c88   0x08001c88   0x00000034   Code   RO          509    .text               c_w.l(defsig_rtred_inner.o)
    0x08001cbc   0x08001cbc   0x0000000c   Code   RO          519    .text               c_w.l(sys_exit.o)
    0x08001cc8   0x08001cc8   0x00000000   Code   RO          530    .text               c_w.l(maybetermalloc1.o)
    0x08001cc8   0x08001cc8   0x0000000e   Code   RO          532    .text               c_w.l(h1_init.o)
    0x08001cd6   0x08001cd6   0x00000034   Code   RO          534    .text               c_w.l(h1_extend.o)
    0x08001d0a   0x08001d0a   0x00000042   Code   RO          546    .text               c_w.l(ftell.o)
    0x08001d4c   0x08001d4c   0x00000032   Code   RO          554    .text               c_w.l(defsig_general.o)
    0x08001d7e   0x08001d7e   0x0000000e   Code   RO          556    .text               c_w.l(defsig_rtmem_outer.o)
    0x08001d8c   0x08001d8c   0x0000000e   Code   RO          571    .text               c_w.l(sys_wrch.o)
    0x08001d9a   0x08001d9a   0x00000002   Code   RO          579    .text               c_w.l(use_no_semi.o)
    0x08001d9c   0x08001d9c   0x00000000   Code   RO          581    .text               c_w.l(indicate_semi.o)
    0x08001d9c   0x08001d9c   0x00000008   Code   RO          585    .text               c_w.l(rt_errno_addr_intlibspace.o)
    0x08001da4   0x08001da4   0x00000050   Code   RO          591    .text               c_w.l(defsig_rtmem_inner.o)
    0x08001df4   0x08001df4   0x00000042   Code   RO           35    .text.ITM_SendChar  retarget_io.o
    0x08001e36   0x08001e36   0x00000002   PAD
    0x08001e38   0x08001e38   0x00000012   Code   RO           80    .text.SystemInit    system_stm32f4xx.o
    0x08001e4a   0x08001e4a   0x00000002   PAD
    0x08001e4c   0x08001e4c   0x000000b8   Code   RO           10    .text.TIM2_IRQHandler  main.o
    0x08001f04   0x08001f04   0x00000030   Code   RO            8    .text.__NVIC_EnableIRQ  main.o
    0x08001f34   0x08001f34   0x00000042   Code   RO            6    .text.__NVIC_SetPriority  main.o
    0x08001f76   0x08001f76   0x00000002   PAD
    0x08001f78   0x08001f78   0x0000004a   Code   RO           41    .text._sys_close    retarget_io.o
    0x08001fc2   0x08001fc2   0x00000002   PAD
    0x08001fc4   0x08001fc4   0x00000048   Code   RO           57    .text._sys_flen     retarget_io.o
    0x0800200c   0x0800200c   0x00000048   Code   RO           53    .text._sys_istty    retarget_io.o
    0x08002054   0x08002054   0x00000084   Code   RO           39    .text._sys_open     retarget_io.o
    0x080020d8   0x080020d8   0x00000052   Code   RO           55    .text._sys_seek     retarget_io.o
    0x0800212a   0x0800212a   0x00000002   PAD
    0x0800212c   0x0800212c   0x00000098   Code   RO           43    .text._sys_write    retarget_io.o
    0x080021c4   0x080021c4   0x00000114   Code   RO            4    .text.config_TIM2_CH2  main.o
    0x080022d8   0x080022d8   0x00000100   Code   RO            2    .text.config_TIM3_CH3  main.o
    0x080023d8   0x080023d8   0x0000005a   Code   RO           16    .text.configure_LED_pin  main.o
    0x08002432   0x08002432   0x00000002   PAD
    0x08002434   0x08002434   0x0000009c   Code   RO           12    .text.main          main.o
    0x080024d0   0x080024d0   0x00000010   Code   RO           47    .text.stderr_putchar  retarget_io.o
    0x080024e0   0x080024e0   0x00000010   Code   RO           45    .text.stdout_putchar  retarget_io.o
    0x080024f0   0x080024f0   0x00000074   Code   RO           14    .text.sys_clk_config  main.o
    0x08002564   0x08002564   0x00000010   Code   RO           18    .text.toggle_LED    main.o
    0x08002574   0x08002574   0x0000003e   Code   RO          337    CL$$btod_d2e        c_w.l(btod.o)
    0x080025b2   0x080025b2   0x00000046   Code   RO          339    CL$$btod_d2e_denorm_low  c_w.l(btod.o)
    0x080025f8   0x080025f8   0x00000060   Code   RO          338    CL$$btod_d2e_norm_op1  c_w.l(btod.o)
    0x08002658   0x08002658   0x00000338   Code   RO          347    CL$$btod_div_common  c_w.l(btod.o)
    0x08002990   0x08002990   0x000000dc   Code   RO          344    CL$$btod_e2e        c_w.l(btod.o)
    0x08002a6c   0x08002a6c   0x0000002a   Code   RO          341    CL$$btod_ediv       c_w.l(btod.o)
    0x08002a96   0x08002a96   0x0000002a   Code   RO          340    CL$$btod_emul       c_w.l(btod.o)
    0x08002ac0   0x08002ac0   0x00000244   Code   RO          346    CL$$btod_mult_common  c_w.l(btod.o)
    0x08002d04   0x08002d04   0x00000030   Code   RO          458    i.__ARM_fpclassify  m_wm.l(fpclassify.o)
    0x08002d34   0x08002d34   0x0000000e   Code   RO          162    i._is_digit         c_w.l(__printf_wp.o)
    0x08002d42   0x08002d42   0x0000001c   Code   RO          250    i.fputc             c_w.l(fputc.o)
    0x08002d5e   0x08002d5e   0x00000002   PAD
    0x08002d60   0x08002d60   0x0000002c   Code   RO          375    locale$$code        c_w.l(lc_numeric_c.o)
    0x08002d8c   0x08002d8c   0x0000002c   Code   RO          505    locale$$code        c_w.l(lc_ctype_c.o)
    0x08002db8   0x08002db8   0x0000000c   Code   RO          201    x$fpl$dretinf       fz_wm.l(dretinf.o)
    0x08002dc4   0x08002dc4   0x00000056   Code   RO          103    x$fpl$f2d           fz_wm.l(f2d.o)
    0x08002e1a   0x08002e1a   0x0000008c   Code   RO          203    x$fpl$fnaninf       fz_wm.l(fnaninf.o)
    0x08002ea6   0x08002ea6   0x0000001a   Code   RO          517    x$fpl$fpinit        fz_wm.l(fpinit.o)
    0x08002ec0   0x08002ec0   0x00000004   Code   RO          205    x$fpl$printf1       fz_wm.l(printf1.o)
    0x08002ec4   0x08002ec4   0x00000004   Code   RO          207    x$fpl$printf2       fz_wm.l(printf2.o)
    0x08002ec8   0x08002ec8   0x00000000   Code   RO          213    x$fpl$usenofp       fz_wm.l(usenofp.o)
    0x08002ec8   0x08002ec8   0x00000008   Data   RO          121    .constdata          c_w.l(_printf_wctomb.o)
    0x08002ed0   0x08002ed0   0x00000028   Data   RO          150    .constdata          c_w.l(_printf_hex_int_ll_ptr.o)
    0x08002ef8   0x08002ef8   0x00000011   Data   RO          170    .constdata          c_w.l(__printf_flags_ss_wp.o)
    0x08002f09   0x08002f09   0x00000026   Data   RO          238    .constdata          c_w.l(_printf_fp_hex.o)
    0x08002f2f   0x08002f2f   0x00000001   PAD
    0x08002f30   0x08002f30   0x00000094   Data   RO          335    .constdata          c_w.l(bigflt0.o)
    0x08002fc4   0x08002fc4   0x00000008   Data   RO           62    .rodata.__stderr_name  retarget_io.o
    0x08002fcc   0x08002fcc   0x00000007   Data   RO           60    .rodata.__stdin_name  retarget_io.o
    0x08002fd3   0x08002fd3   0x00000008   Data   RO           61    .rodata.__stdout_name  retarget_io.o
    0x08002fdb   0x08002fdb   0x00000017   Data   RO           26    .rodata.str1.1      main.o
    0x08002ff2   0x08002ff2   0x00000017   Data   RO           63    .rodata.str1.1      retarget_io.o
    0x08003009   0x08003009   0x00000003   PAD
    0x0800300c   0x0800300c   0x00000020   Data   RO          617    Region$$Table       anon$$obj.o
    0x0800302c   0x0800302c   0x0000001c   Data   RO          374    locale$$data        c_w.l(lc_numeric_c.o)
    0x08003048   0x08003048   0x00000110   Data   RO          504    locale$$data        c_w.l(lc_ctype_c.o)


    Execution Region ER_RW (Exec base: 0x20000000, Load base: 0x08003158, Size: 0x0000000c, Max: 0xffffffff, ABSOLUTE)

    Exec Addr    Load Addr    Size         Type   Attr      Idx    E Section Name        Object

    0x20000000   0x08003158   0x00000004   Data   RW          198    .data               c_w.l(stdio_streams.o)
    0x20000004   0x0800315c   0x00000004   Data   RW          199    .data               c_w.l(stdio_streams.o)
    0x20000008   0x08003160   0x00000004   Data   RW          200    .data               c_w.l(stdio_streams.o)


    Execution Region ER_ZI (Exec base: 0x20000010, Load base: 0x08003164, Size: 0x00000770, Max: 0xffffffff, ABSOLUTE)

    Exec Addr    Load Addr    Size         Type   Attr      Idx    E Section Name        Object

    0x20000010        -       0x00000054   Zero   RW          195    .bss                c_w.l(stdio_streams.o)
    0x20000064        -       0x00000054   Zero   RW          196    .bss                c_w.l(stdio_streams.o)
    0x200000b8        -       0x00000054   Zero   RW          197    .bss                c_w.l(stdio_streams.o)
    0x2000010c        -       0x00000060   Zero   RW          461    .bss                c_w.l(libspace.o)
    0x2000016c        -       0x00000004   Zero   RW           22    .bss.current        main.o
    0x20000170        -       0x00000004   Zero   RW           23    .bss.last           main.o
    0x20000174        -       0x00000004   Zero   RW           21    .bss.overflow       main.o
    0x20000178        -       0x00000004   Zero   RW           25    .bss.signal_edge    main.o
    0x2000017c        -       0x00000004   Zero   RW           24    .bss.time           main.o
    0x20000180        -       0x00000200   Zero   RW           71    HEAP                startup_stm32f446xx.o
    0x20000380        -       0x00000400   Zero   RW           70    STACK               startup_stm32f446xx.o


==============================================================================

Image component sizes


      Code (inc. data)   RO Data    RW Data    ZI Data      Debug   Object Name

      1208          4         23          0         20       6734   main.o
       682          0         46          0          0       3291   retarget_io.o
        64         26        452          0       1536        936   startup_stm32f446xx.o
        18          0          0          0          0       2783   system_stm32f4xx.o

    ----------------------------------------------------------------------
      1984         30        556          0       1556      13744   Object Totals
         0          0         32          0          0          0   (incl. Generated)
        12          0          3          0          0          0   (incl. Padding)

    ----------------------------------------------------------------------

      Code (inc. data)   RO Data    RW Data    ZI Data      Debug   Library Member Name

         8          0          0          0          0         68   __main.o
       392          4         17          0          0         92   __printf_flags_ss_wp.o
        14          0          0          0          0         68   __printf_wp.o
         0          0          0          0          0          0   __rtentry.o
        12          0          0          0          0          0   __rtentry2.o
         6          0          0          0          0          0   __rtentry4.o
        52          8          0          0          0          0   __scatter.o
        26          0          0          0          0          0   __scatter_copy.o
        28          0          0          0          0          0   __scatter_zi.o
        72          0          0          0          0         96   _c16rtomb.o
         6          0          0          0          0          0   _printf_a.o
         6          0          0          0          0          0   _printf_c.o
        44          0          0          0          0        108   _printf_char.o
        48          6          0          0          0         96   _printf_char_common.o
        36          4          0          0          0         80   _printf_char_file.o
        40          0          0          0          0         68   _printf_charcount.o
         6          0          0          0          0          0   _printf_d.o
       120         16          0          0          0         92   _printf_dec.o
         6          0          0          0          0          0   _printf_e.o
         6          0          0          0          0          0   _printf_f.o
      1052          0          0          0          0        148   _printf_fp_dec.o
       764          8         38          0          0        100   _printf_fp_hex.o
       128         16          0          0          0         84   _printf_fp_infnan.o
         6          0          0          0          0          0   _printf_g.o
       148          4         40          0          0        160   _printf_hex_int_ll_ptr.o
         6          0          0          0          0          0   _printf_i.o
       178          0          0          0          0         88   _printf_intcommon.o
        10          0          0          0          0          0   _printf_l.o
         6          0          0          0          0          0   _printf_lc.o
        10          0          0          0          0          0   _printf_ll.o
         6          0          0          0          0          0   _printf_lld.o
         6          0          0          0          0          0   _printf_lli.o
         6          0          0          0          0          0   _printf_llo.o
         6          0          0          0          0          0   _printf_llu.o
         6          0          0          0          0          0   _printf_llx.o
       124         16          0          0          0         92   _printf_longlong_dec.o
         6          0          0          0          0          0   _printf_ls.o
         6          0          0          0          0          0   _printf_n.o
         6          0          0          0          0          0   _printf_o.o
       112          8          0          0          0        124   _printf_oct_int_ll.o
         6          0          0          0          0          0   _printf_p.o
        78          0          0          0          0        108   _printf_pad.o
         0          0          0          0          0          0   _printf_percent.o
         4          0          0          0          0          0   _printf_percent_end.o
         6          0          0          0          0          0   _printf_s.o
        82          0          0          0          0         80   _printf_str.o
        36          0          0          0          0         84   _printf_truncate.o
         6          0          0          0          0          0   _printf_u.o
        44          0          0          0          0        108   _printf_wchar.o
       188          6          8          0          0         92   _printf_wctomb.o
         6          0          0          0          0          0   _printf_x.o
       228          4        148          0          0         96   bigflt0.o
      1936        128          0          0          0        668   btod.o
        10          0          0          0          0         68   defsig_exit.o
        50          0          0          0          0         88   defsig_general.o
        80         58          0          0          0         76   defsig_rtmem_inner.o
        14          0          0          0          0         80   defsig_rtmem_outer.o
        52         38          0          0          0         76   defsig_rtred_inner.o
        14          0          0          0          0         80   defsig_rtred_outer.o
        18          0          0          0          0         80   exit.o
        76          0          0          0          0         88   fclose.o
         8          0          0          0          0         68   ferror.o
       482          0          0          0          0         92   flsbuf.o
       240          6          0          0          0        128   fopen.o
        28          0          0          0          0         68   fputc.o
       248          6          0          0          0         84   fseek.o
        66          0          0          0          0         76   ftell.o
        94          0          0          0          0         80   h1_alloc.o
        52          0          0          0          0         68   h1_extend.o
        78          0          0          0          0         80   h1_free.o
        14          0          0          0          0         84   h1_init.o
         6          0          0          0          0        152   heapauxi.o
         4          0          0          0          0        136   hguard.o
         0          0          0          0          0          0   indicate_semi.o
       138          0          0          0          0        168   init_alloc.o
       312         46          0          0          0        112   initio.o
        44         10        272          0          0         76   lc_ctype_c.o
        44         10         28          0          0         76   lc_numeric_c.o
         2          0          0          0          0          0   libinit.o
        46          0          0          0          0          0   libinit2.o
         2          0          0          0          0          0   libshutdown.o
         6          0          0          0          0          0   libshutdown2.o
         8          4          0          0         96         68   libspace.o
       138          0          0          0          0         80   lludiv10.o
         0          0          0          0          0          0   maybetermalloc1.o
        24          4          0          0          0         84   printf.o
        16          4          0          0          0         76   rt_ctype_table.o
         8          4          0          0          0         68   rt_errno_addr_intlibspace.o
         8          4          0          0          0         68   rt_heap_descriptor_intlibspace.o
         8          4          0          0          0         68   rt_locale_intlibspace.o
        78          0          0          0          0         80   rt_memclr_w.o
         2          0          0          0          0          0   rtexit.o
        10          0          0          0          0          0   rtexit2.o
        70          0          0          0          0         80   setvbuf.o
       240          6          0          0          0        156   stdio.o
         0          0          0         12        252          0   stdio_streams.o
       124          0          0          0          0         88   strcmpv7em.o
        12          4          0          0          0         68   sys_exit.o
        74          0          0          0          0         80   sys_stackheap_outer.o
        14          0          0          0          0         76   sys_wrch.o
         2          0          0          0          0         68   use_no_semi.o
        12          0          0          0          0        116   dretinf.o
        86          4          0          0          0        132   f2d.o
       140          4          0          0          0        132   fnaninf.o
        26          0          0          0          0        116   fpinit.o
         4          0          0          0          0        116   printf1.o
         4          0          0          0          0        116   printf2.o
         0          0          0          0          0          0   usenofp.o
        48          0          0          0          0        124   fpclassify.o

    ----------------------------------------------------------------------
      9540        444        552         12        348       7044   Library Totals
        16          0          1          0          0          0   (incl. Padding)

    ----------------------------------------------------------------------

      Code (inc. data)   RO Data    RW Data    ZI Data      Debug   Library Name

      9204        436        551         12        348       6192   c_w.l
       272          8          0          0          0        728   fz_wm.l
        48          0          0          0          0        124   m_wm.l

    ----------------------------------------------------------------------
      9540        444        552         12        348       7044   Library Totals

    ----------------------------------------------------------------------

==============================================================================


      Code (inc. data)   RO Data    RW Data    ZI Data      Debug   

     11524        474       1108         12       1904      16816   Grand Totals
     11524        474       1108         12       1904      16816   ELF Image Totals
     11524        474       1108         12          0          0   ROM Totals

==============================================================================

    Total RO  Size (Code + RO Data)                12632 (  12.34kB)
    Total RW  Size (RW Data + ZI Data)              1916 (   1.87kB)
    Total ROM Size (Code + RO Data + RW Data)      12644 (  12.35kB)

==============================================================================

