<html>
<body>
<pre>
<h1>µVision Build Log</h1>
<h2>Tool Versions:</h2>
IDE-Version: µVision V5.37.0.0
Copyright (C) 2022 ARM Ltd and ARM Germany GmbH. All rights reserved.
License Information: Jahid Hasan Tushar, BUET, LIC=----
 
Tool Versions:
Toolchain:       MDK-Lite  Version: 5.37.0.0
Toolchain Path:  C:\Keil_v5\ARM\ARMCLANG\Bin
C Compiler:      ArmClang.exe V6.18
Assembler:       Armasm.exe V6.18
Linker/Locator:  ArmLink.exe V6.18
Library Manager: ArmAr.exe V6.18
Hex Converter:   FromElf.exe V6.18
CPU DLL:         SARMCM3.DLL V5.37.0.0
Dialog DLL:      DCM.DLL V1.17.5.0
Target DLL:      STLink\ST-LINKIII-KEIL_SWO.dll V3.0.9.0
Dialog DLL:      TCM.DLL V1.56.1.0
 
<h2>Project:</h2>
C:\Users\Admin\Downloads\Lab7 Base Code\7.4 Base LED Fade\DSMCprojecttemplate1.uvprojx
Project File Date:  06/23/2022

<h2>Output:</h2>
*** Using Compiler 'V6.18', folder: 'C:\Keil_v5\ARM\ARMCLANG\Bin'
Build target 'Target 1'
main.c(28): warning: // comments are not allowed in this language [-Wcomment]
          RCC->AHB1ENR          |= RCC_AHB1ENR_GPIOAEN;             // Enable GPIOA clock
                                                                    ^
main.c(31): warning: signed shift result (0xC0000000) sets the sign bit of the shift expression's type ('int') and becomes negative [-Wshift-sign-overflow]
                LED_PORT->MODER         &= ~(0x03 << (2*LED_PIN));                      // Clear bits
                                             ~~~~ ^  ~~~~~~~~~~~
main.c(32): warning: signed shift result (0x80000000) sets the sign bit of the shift expression's type ('int') and becomes negative [-Wshift-sign-overflow]
                LED_PORT->MODER         |=   0x02 << (2*LED_PIN);               // Input(00), Output(01), AlterFunc(10), Analog(11)
                                             ~~~~ ^  ~~~~~~~~~~~
main.c(32): warning: implicit conversion changes signedness: 'int' to 'unsigned int' [-Wsign-conversion]
                LED_PORT->MODER         |=   0x02 << (2*LED_PIN);               // Input(00), Output(01), AlterFunc(10), Analog(11)
                                        ~~   ~~~~~^~~~~~~~~~~~~~
main.c(34): warning: signed shift result (0xF0000000) sets the sign bit of the shift expression's type ('int') and becomes negative [-Wshift-sign-overflow]
                LED_PORT->AFR[1]        &= ~(0xF << (4*(LED_PIN-8)));         //        AF 1 = TIM2_CH1
                                             ~~~ ^  ~~~~~~~~~~~~~~~
main.c(38): warning: signed shift result (0xC0000000) sets the sign bit of the shift expression's type ('int') and becomes negative [-Wshift-sign-overflow]
                LED_PORT->OSPEEDR  &= ~(0x03<<(2*LED_PIN));                             // Speed mask
                                        ~~~~^ ~~~~~~~~~~~
main.c(39): warning: signed shift result (0xC0000000) sets the sign bit of the shift expression's type ('int') and becomes negative [-Wshift-sign-overflow]
                LED_PORT->OSPEEDR  |=   0x03<<(2*LED_PIN);                                      // Very high speed
                                        ~~~~^ ~~~~~~~~~~~
main.c(39): warning: implicit conversion changes signedness: 'int' to 'unsigned int' [-Wsign-conversion]
                LED_PORT->OSPEEDR  |=   0x03<<(2*LED_PIN);                                      // Very high speed
                                   ~~   ~~~~^~~~~~~~~~~~~
main.c(41): warning: signed shift result (0xC0000000) sets the sign bit of the shift expression's type ('int') and becomes negative [-Wshift-sign-overflow]
                LED_PORT->PUPDR    &= ~(0x03<<(2*LED_PIN));                     // No PUPD(00, reset), Pullup(01), Pulldown(10), Reserved (11)
                                        ~~~~^ ~~~~~~~~~~~
main.c(89): warning: mixing declarations and code is a C99 extension [-Wdeclaration-after-statement]
        int i;
            ^
10 warnings generated.
compiling main.c...
linking...
Program Size: Code=756 RO-data=468 RW-data=0 ZI-data=1632  
".\Objects\try2.axf" - 0 Error(s), 10 Warning(s).

<h2>Software Packages used:</h2>

Package Vendor: ARM
                http://www.keil.com/pack/ARM.CMSIS.5.9.0.pack
                ARM.CMSIS.5.9.0
                CMSIS (Common Microcontroller Software Interface Standard)
   * Component: CORE Version: 5.6.0

Package Vendor: Keil
                http://www.keil.com/pack/Keil.STM32F4xx_DFP.2.16.0.pack
                Keil.STM32F4xx_DFP.2.16.0
                STMicroelectronics STM32F4 Series Device Support, Drivers and Examples
   * Component: Startup Version: 2.6.3

<h2>Collection of Component include folders:</h2>
  ./RTE/_Target_1
  C:/Users/Admin/AppData/Local/Arm/Packs/ARM/CMSIS/5.9.0/CMSIS/Core/Include
  C:/Users/Admin/AppData/Local/Arm/Packs/Keil/STM32F4xx_DFP/2.16.0/Drivers/CMSIS/Device/ST/STM32F4xx/Include

<h2>Collection of Component Files used:</h2>

   * Component: ARM::CMSIS:CORE:5.6.0

   * Component: Keil::Device:Startup:2.6.3
      Source file:   MDK/Device/Source/ARM/STM32F4xx_OTP.s
      Source file:   MDK/Device/Source/ARM/STM32F446xx_OPT.s
      Include file:  Drivers/CMSIS/Device/ST/STM32F4xx/Include/stm32f4xx.h
      Source file:   Drivers/CMSIS/Device/ST/STM32F4xx/Source/Templates/arm/startup_stm32f446xx.s
      Source file:   Drivers/CMSIS/Device/ST/STM32F4xx/Source/Templates/system_stm32f4xx.c
Build Time Elapsed:  00:00:00
</pre>
</body>
</html>
