<html>
<body>
<pre>
<h1>µVision Build Log</h1>
<h2>Tool Versions:</h2>
IDE-Version: µVision V5.37.0.0
Copyright (C) 2022 ARM Ltd and ARM Germany GmbH. All rights reserved.
License Information: Voktho Das, BUET, LIC=----
 
Tool Versions:
Toolchain:       MDK-Lite  Version: 5.37.0.0
Toolchain Path:  C:\Keil_v5\ARM\ARMCLANG\Bin
C Compiler:      ArmClang.exe V6.18
Assembler:       Armasm.exe V6.18
Linker/Locator:  ArmLink.exe V6.18
Library Manager: ArmAr.exe V6.18
Hex Converter:   FromElf.exe V6.18
CPU DLL:         SARMCM3.DLL V5.37.0.0
Dialog DLL:      DCM.DLL V1.17.5.0
Target DLL:      STLink\ST-LINKIII-KEIL_SWO.dll V3.0.9.0
Dialog DLL:      TCM.DLL V1.56.1.0
 
<h2>Project:</h2>
E:\Study\L4T1\Microprocessor & Embedded System lab\Project Code\Final Codes\Stepper Motor\Stepper Motor\DSMCprojecttemplate1.uvprojx
Project File Date:  09/07/2022

<h2>Output:</h2>
*** Using Compiler 'V6.18', folder: 'C:\Keil_v5\ARM\ARMCLANG\Bin'
Build target 'Target 1'
assembling startup_stm32f446xx.s...
compiling system_stm32f4xx.c...
main_project.c(36): warning: // comments are not allowed in this language [-Wcomment]
        // Regulator voltage scaling output selection: Scale 2 
        ^
main_project.c(224): warning: no newline at end of file [-Wnewline-eof]
}
 ^
main_project.c(172): warning: mixing declarations and code is a C99 extension [-Wdeclaration-after-statement]
        int delay = 10000;
            ^
main_project.c(178): warning: comparison of integers of different signs: 'uint32_t' (aka 'unsigned int') and 'int' [-Wsign-compare]
                for(i=0; i<delay; i++);
                         ~^~~~~~
main_project.c(184): warning: comparison of integers of different signs: 'uint32_t' (aka 'unsigned int') and 'int' [-Wsign-compare]
                for(i=0; i<delay; i++);
                         ~^~~~~~
main_project.c(190): warning: comparison of integers of different signs: 'uint32_t' (aka 'unsigned int') and 'int' [-Wsign-compare]
                for(i=0; i<delay; i++);
                         ~^~~~~~
main_project.c(196): warning: comparison of integers of different signs: 'uint32_t' (aka 'unsigned int') and 'int' [-Wsign-compare]
                for(i=0; i<delay; i++);
                         ~^~~~~~
main_project.c(203): warning: comparison of integers of different signs: 'uint32_t' (aka 'unsigned int') and 'int' [-Wsign-compare]
                        for(i=0; i<delay; i++);
                                 ~^~~~~~
main_project.c(209): warning: comparison of integers of different signs: 'uint32_t' (aka 'unsigned int') and 'int' [-Wsign-compare]
                        for(i=0; i<delay; i++);
                                 ~^~~~~~
main_project.c(215): warning: comparison of integers of different signs: 'uint32_t' (aka 'unsigned int') and 'int' [-Wsign-compare]
                        for(i=0; i<delay; i++);
                                 ~^~~~~~
main_project.c(221): warning: comparison of integers of different signs: 'uint32_t' (aka 'unsigned int') and 'int' [-Wsign-compare]
                        for(i=0; i<delay; i++);
                                 ~^~~~~~
main_project.c(155): warning: unused function 'turn_on_STEPPER_PIN_' [-Wunused-function]
static void turn_on_STEPPER_PIN_(){
            ^
main_project.c(158): warning: unused function 'turn_off_STEPPER_PIN_' [-Wunused-function]
static void turn_off_STEPPER_PIN_(){
            ^
main_project.c(161): warning: unused function 'toggle_STEPPER_PIN_' [-Wunused-function]
static void toggle_STEPPER_PIN_(){
            ^
14 warnings generated.
compiling main_project.c...
linking...
Program Size: Code=1604 RO-data=468 RW-data=0 ZI-data=1632  
".\Objects\try2.axf" - 0 Error(s), 14 Warning(s).

<h2>Software Packages used:</h2>

Package Vendor: ARM
                http://www.keil.com/pack/ARM.CMSIS.5.9.0.pack
                ARM.CMSIS.5.9.0
                CMSIS (Common Microcontroller Software Interface Standard)
   * Component: CORE Version: 5.6.0

Package Vendor: Keil
                http://www.keil.com/pack/Keil.STM32F4xx_DFP.2.16.0.pack
                Keil.STM32F4xx_DFP.2.16.0
                STMicroelectronics STM32F4 Series Device Support, Drivers and Examples
   * Component: Startup Version: 2.6.3

<h2>Collection of Component include folders:</h2>
  ./RTE/_Target_1
  C:/Users/vokth/AppData/Local/Arm/Packs/ARM/CMSIS/5.9.0/CMSIS/Core/Include
  C:/Users/vokth/AppData/Local/Arm/Packs/Keil/STM32F4xx_DFP/2.16.0/Drivers/CMSIS/Device/ST/STM32F4xx/Include

<h2>Collection of Component Files used:</h2>

   * Component: ARM::CMSIS:CORE:5.6.0

   * Component: Keil::Device:Startup:2.6.3
      Source file:   MDK/Device/Source/ARM/STM32F446xx_OPT.s
      Source file:   MDK/Device/Source/ARM/STM32F4xx_OTP.s
      Include file:  Drivers/CMSIS/Device/ST/STM32F4xx/Include/stm32f4xx.h
      Source file:   Drivers/CMSIS/Device/ST/STM32F4xx/Source/Templates/arm/startup_stm32f446xx.s
      Source file:   Drivers/CMSIS/Device/ST/STM32F4xx/Source/Templates/system_stm32f4xx.c
Build Time Elapsed:  00:00:08
</pre>
</body>
</html>
